// Jest Snapshot v1, https://goo.gl/fbAQLP

exports[`renders ReinsuranceCarousel 1`] = `
<StyledAside>
  <Mock
    carousel={
      Object {
        "afterChange": [Function],
        "arrows": false,
        "autoplay": true,
        "dots": true,
        "infinite": true,
        "pauseOnHover": true,
        "responsive": Array [
          Object {
            "breakpoint": 10000,
            "settings": Object {
              "arrows": true,
            },
          },
        ],
        "slidesToScroll": 1,
        "slidesToShow": 1,
      }
    }
    generateChild={[Function]}
    limit={3}
    scope="reinsuranceArticles"
    tags={
      Array [
        "api-quotatis-reinsurance",
      ]
    }
  />
</StyledAside>
`;
