// Jest Snapshot v1, https://goo.gl/fbAQLP

exports[`renders Question 1`] = `
ShallowWrapper {
  "length": 1,
  Symbol(enzyme.__root__): [Circular],
  Symbol(enzyme.__unrendered__): <ProjectElaborationQuestion
    imageUrl="url"
  >
    my question
  </ProjectElaborationQuestion>,
  Symbol(enzyme.__renderer__): Object {
    "batchedUpdates": [Function],
    "getNode": [Function],
    "render": [Function],
    "simulateEvent": [Function],
    "unmount": [Function],
  },
  Symbol(enzyme.__node__): Object {
    "instance": null,
    "key": null,
    "nodeType": "class",
    "props": Object {
      "children": Array [
        <StyledIcon
          alt="quotatis"
          icon="logo"
        />,
        <BubbleQuestion
          image="url"
        >
          my question
          <QuestionBottomImage
            image="url"
          />
        </BubbleQuestion>,
      ],
    },
    "ref": null,
    "rendered": Array [
      Object {
        "instance": null,
        "key": null,
        "nodeType": "class",
        "props": Object {
          "alt": "quotatis",
          "icon": "logo",
        },
        "ref": null,
        "rendered": null,
        "type": [Function],
      },
      Object {
        "instance": null,
        "key": null,
        "nodeType": "class",
        "props": Object {
          "children": Array [
            "my question",
            <QuestionBottomImage
              image="url"
            />,
          ],
          "image": "url",
        },
        "ref": null,
        "rendered": Array [
          "my question",
          Object {
            "instance": null,
            "key": null,
            "nodeType": "class",
            "props": Object {
              "image": "url",
            },
            "ref": null,
            "rendered": null,
            "type": [Function],
          },
        ],
        "type": [Function],
      },
    ],
    "type": [Function],
  },
  Symbol(enzyme.__nodes__): Array [
    Object {
      "instance": null,
      "key": null,
      "nodeType": "class",
      "props": Object {
        "children": Array [
          <StyledIcon
            alt="quotatis"
            icon="logo"
          />,
          <BubbleQuestion
            image="url"
          >
            my question
            <QuestionBottomImage
              image="url"
            />
          </BubbleQuestion>,
        ],
      },
      "ref": null,
      "rendered": Array [
        Object {
          "instance": null,
          "key": null,
          "nodeType": "class",
          "props": Object {
            "alt": "quotatis",
            "icon": "logo",
          },
          "ref": null,
          "rendered": null,
          "type": [Function],
        },
        Object {
          "instance": null,
          "key": null,
          "nodeType": "class",
          "props": Object {
            "children": Array [
              "my question",
              <QuestionBottomImage
                image="url"
              />,
            ],
            "image": "url",
          },
          "ref": null,
          "rendered": Array [
            "my question",
            Object {
              "instance": null,
              "key": null,
              "nodeType": "class",
              "props": Object {
                "image": "url",
              },
              "ref": null,
              "rendered": null,
              "type": [Function],
            },
          ],
          "type": [Function],
        },
      ],
      "type": [Function],
    },
  ],
  Symbol(enzyme.__options__): Object {
    "adapter": ReactSixteenAdapter {
      "options": Object {
        "enableComponentDidUpdateOnSetState": true,
      },
    },
    "disableLifecycleMethods": true,
  },
}
`;
