exports[`test renders MotionMenu 1`] = `
ShallowWrapper {
  "complexSelector": ComplexSelector {
    "buildPredicate": [Function],
    "childrenOfNode": [Function],
    "findWhereUnwrapped": [Function],
  },
  "length": 1,
  "node": <MotionMenu />,
  "nodes": Array [
    <MotionMenu />,
  ],
  "options": Object {},
  "renderer": ReactShallowRenderer {
    "_instance": ShallowComponentWrapper {
      "_calledComponentWillUnmount": false,
      "_compositeType": 0,
      "_context": Object {},
      "_currentElement": <ThemeProvider
        theme={
                Object {
                        "colors": Object {
                          "alert": "#ffa000",
                          "black": "#262626",
                          "danger": "#d32f2f",
                          "grayscale": Object {
                            "dark": "#5E5E5E",
                            "darker": "#383838",
                            "darkest": "#131313",
                            "light": "#D1D1D1",
                            "lighter": "#EBEBEB",
                            "lightest": "#F9F9F9",
                            "medium": "#ABABAB",
                          },
                          "grey": "#EEE",
                          "primary": "#3333FE",
                          "secondary": "#FDB63F",
                          "success": "#388e3c",
                          "white": "#FFF",
                        },
                        "fonts": Object {
                          "family": Object {
                            "andesBlack": "andes-black, serif",
                            "andesLight": "andes-extralight, serif",
                            "montserratBlack": "montserrat-black, sans-serif",
                            "montserratBold": "montserrat-bold, sans-serif",
                            "montserratLight": "montserrat-light, sans-serif",
                          },
                          "size": Object {
                            "base": "1.4rem",
                            "l": "1.8rem",
                            "m": "1.5rem",
                            "reset": "62.5%",
                            "root": "1rem",
                            "s": "1.2rem",
                            "xl": "2.4rem",
                            "xs": "1rem",
                            "xxl": "3.2rem",
                            "xxxl": "5rem",
                          },
                        },
                        "grid": Object {
                          "breakpoints": Object {
                            "l": 992,
                            "m": 768,
                            "s": 576,
                            "xl": 1200,
                            "xs": 0,
                          },
                          "container": 120,
                          "gridSize": 12,
                          "gutterWidth": Object {
                            "l": 1.6,
                            "m": 1.6,
                            "s": 1.6,
                            "xl": 1.6,
                            "xs": 1.6,
                          },
                          "outerMargin": Object {
                            "l": 1.6,
                            "m": 1.6,
                            "s": 1.6,
                            "xl": 1.6,
                            "xs": 1.6,
                          },
                          "padding": Object {
                            "l": 2.5,
                            "m": 2.5,
                            "s": 1.6,
                            "xl": 2.5,
                            "xs": 1.6,
                          },
                        },
                        "spaces": Object {
                          "l": "2.5rem",
                          "m": "1.6rem",
                          "s": ".8rem",
                          "xl": "3.2rem",
                          "xs": ".4rem",
                          "xxl": "5rem",
                          "xxxl": "10rem",
                        },
                      }
        }>
        <MotionMenu />
</ThemeProvider>,
      "_debugID": 1,
      "_hostContainerInfo": null,
      "_hostParent": null,
      "_instance": ThemeProvider {
        "_reactInternalInstance": [Circular],
        "broadcast": Object {
          "publish": [Function],
          "subscribe": [Function],
        },
        "context": Object {
          "__styled-components__": undefined,
        },
        "getTheme": [Function],
        "props": Object {
          "children": <MotionMenu />,
          "theme": Object {
            "colors": Object {
              "alert": "#ffa000",
              "black": "#262626",
              "danger": "#d32f2f",
              "grayscale": Object {
                "dark": "#5E5E5E",
                "darker": "#383838",
                "darkest": "#131313",
                "light": "#D1D1D1",
                "lighter": "#EBEBEB",
                "lightest": "#F9F9F9",
                "medium": "#ABABAB",
              },
              "grey": "#EEE",
              "primary": "#3333FE",
              "secondary": "#FDB63F",
              "success": "#388e3c",
              "white": "#FFF",
            },
            "fonts": Object {
              "family": Object {
                "andesBlack": "andes-black, serif",
                "andesLight": "andes-extralight, serif",
                "montserratBlack": "montserrat-black, sans-serif",
                "montserratBold": "montserrat-bold, sans-serif",
                "montserratLight": "montserrat-light, sans-serif",
              },
              "size": Object {
                "base": "1.4rem",
                "l": "1.8rem",
                "m": "1.5rem",
                "reset": "62.5%",
                "root": "1rem",
                "s": "1.2rem",
                "xl": "2.4rem",
                "xs": "1rem",
                "xxl": "3.2rem",
                "xxxl": "5rem",
              },
            },
            "grid": Object {
              "breakpoints": Object {
                "l": 992,
                "m": 768,
                "s": 576,
                "xl": 1200,
                "xs": 0,
              },
              "container": 120,
              "gridSize": 12,
              "gutterWidth": Object {
                "l": 1.6,
                "m": 1.6,
                "s": 1.6,
                "xl": 1.6,
                "xs": 1.6,
              },
              "outerMargin": Object {
                "l": 1.6,
                "m": 1.6,
                "s": 1.6,
                "xl": 1.6,
                "xs": 1.6,
              },
              "padding": Object {
                "l": 2.5,
                "m": 2.5,
                "s": 1.6,
                "xl": 2.5,
                "xs": 1.6,
              },
            },
            "spaces": Object {
              "l": "2.5rem",
              "m": "1.6rem",
              "s": ".8rem",
              "xl": "3.2rem",
              "xs": ".4rem",
              "xxl": "5rem",
              "xxxl": "10rem",
            },
          },
        },
        "refs": Object {},
        "state": null,
        "updater": Object {
          "enqueueCallback": [Function],
          "enqueueCallbackInternal": [Function],
          "enqueueElementInternal": [Function],
          "enqueueForceUpdate": [Function],
          "enqueueReplaceState": [Function],
          "enqueueSetState": [Function],
          "isMounted": [Function],
          "validateCallback": [Function],
        },
      },
      "_mountOrder": 1,
      "_pendingCallbacks": null,
      "_pendingElement": null,
      "_pendingForceUpdate": false,
      "_pendingReplaceState": false,
      "_pendingStateQueue": null,
      "_renderedComponent": NoopInternalComponent {
        "_currentElement": <MotionMenu />,
        "_debugID": 2,
        "_renderedOutput": <MotionMenu />,
      },
      "_renderedNodeType": 1,
      "_rootNodeID": 0,
      "_topLevelWrapper": null,
      "_updateBatchNumber": null,
      "_warnedAboutRefsInRender": false,
    },
    "getRenderOutput": [Function],
    "render": [Function],
  },
  "root": [Circular],
  "unrendered": <ThemeProvider
    theme={
        Object {
            "colors": Object {
              "alert": "#ffa000",
              "black": "#262626",
              "danger": "#d32f2f",
              "grayscale": Object {
                "dark": "#5E5E5E",
                "darker": "#383838",
                "darkest": "#131313",
                "light": "#D1D1D1",
                "lighter": "#EBEBEB",
                "lightest": "#F9F9F9",
                "medium": "#ABABAB",
              },
              "grey": "#EEE",
              "primary": "#3333FE",
              "secondary": "#FDB63F",
              "success": "#388e3c",
              "white": "#FFF",
            },
            "fonts": Object {
              "family": Object {
                "andesBlack": "andes-black, serif",
                "andesLight": "andes-extralight, serif",
                "montserratBlack": "montserrat-black, sans-serif",
                "montserratBold": "montserrat-bold, sans-serif",
                "montserratLight": "montserrat-light, sans-serif",
              },
              "size": Object {
                "base": "1.4rem",
                "l": "1.8rem",
                "m": "1.5rem",
                "reset": "62.5%",
                "root": "1rem",
                "s": "1.2rem",
                "xl": "2.4rem",
                "xs": "1rem",
                "xxl": "3.2rem",
                "xxxl": "5rem",
              },
            },
            "grid": Object {
              "breakpoints": Object {
                "l": 992,
                "m": 768,
                "s": 576,
                "xl": 1200,
                "xs": 0,
              },
              "container": 120,
              "gridSize": 12,
              "gutterWidth": Object {
                "l": 1.6,
                "m": 1.6,
                "s": 1.6,
                "xl": 1.6,
                "xs": 1.6,
              },
              "outerMargin": Object {
                "l": 1.6,
                "m": 1.6,
                "s": 1.6,
                "xl": 1.6,
                "xs": 1.6,
              },
              "padding": Object {
                "l": 2.5,
                "m": 2.5,
                "s": 1.6,
                "xl": 2.5,
                "xs": 1.6,
              },
            },
            "spaces": Object {
              "l": "2.5rem",
              "m": "1.6rem",
              "s": ".8rem",
              "xl": "3.2rem",
              "xs": ".4rem",
              "xxl": "5rem",
              "xxxl": "10rem",
            },
          }
    }>
    <MotionMenu />
</ThemeProvider>,
}
`;
