// Jest Snapshot v1, https://goo.gl/fbAQLP

exports[`renders the GoogleTagManager component 1`] = `
ShallowWrapper {
  "length": 1,
  Symbol(enzyme.__root__): [Circular],
  Symbol(enzyme.__unrendered__): <GoogleTagManager
    additionalEvents={Object {}}
    dataLayerName="dataLayer"
    gtmId="GTM-123"
    scriptId="react-google-tag-manager-gtm"
  />,
  Symbol(enzyme.__renderer__): Object {
    "batchedUpdates": [Function],
    "getNode": [Function],
    "render": [Function],
    "simulateEvent": [Function],
    "unmount": [Function],
  },
  Symbol(enzyme.__node__): Object {
    "instance": null,
    "key": null,
    "nodeType": "host",
    "props": Object {
      "children": Array [
        <div>
          <noscript
            dangerouslySetInnerHTML={
              Object {
                "__html": "
        <iframe src=\\"//www.googletagmanager.com/ns.html?id=GTM-123\\"
            height=\\"0\\" width=\\"0\\" style=\\"display:none;visibility:hidden\\"></iframe>",
              }
            }
          />
        </div>,
        <div
          id="react-google-tag-manager-gtm"
        >
          <script
            dangerouslySetInnerHTML={
              Object {
                "__html": "
        (function(w,d,s,l,i){w[l]=w[l]||[];
            w[l].push({'gtm.start': new Date().getTime(),event:'gtm.js', });
            var f=d.getElementsByTagName(s)[0],j=d.createElement(s),dl=l!='dataLayer'?'&l='+l:'';
            j.async=true;j.src='//www.googletagmanager.com/gtm.js?id='+i+dl;
            f.parentNode.insertBefore(j,f);
        })(window,document,'script','dataLayer','GTM-123');",
              }
            }
          />
        </div>,
      ],
    },
    "ref": null,
    "rendered": Array [
      Object {
        "instance": null,
        "key": null,
        "nodeType": "host",
        "props": Object {
          "children": <noscript
            dangerouslySetInnerHTML={
              Object {
                "__html": "
        <iframe src=\\"//www.googletagmanager.com/ns.html?id=GTM-123\\"
            height=\\"0\\" width=\\"0\\" style=\\"display:none;visibility:hidden\\"></iframe>",
              }
            }
          />,
        },
        "ref": null,
        "rendered": Object {
          "instance": null,
          "key": null,
          "nodeType": "host",
          "props": Object {
            "dangerouslySetInnerHTML": Object {
              "__html": "
        <iframe src=\\"//www.googletagmanager.com/ns.html?id=GTM-123\\"
            height=\\"0\\" width=\\"0\\" style=\\"display:none;visibility:hidden\\"></iframe>",
            },
          },
          "ref": null,
          "rendered": null,
          "type": "noscript",
        },
        "type": "div",
      },
      Object {
        "instance": null,
        "key": null,
        "nodeType": "host",
        "props": Object {
          "children": <script
            dangerouslySetInnerHTML={
              Object {
                "__html": "
        (function(w,d,s,l,i){w[l]=w[l]||[];
            w[l].push({'gtm.start': new Date().getTime(),event:'gtm.js', });
            var f=d.getElementsByTagName(s)[0],j=d.createElement(s),dl=l!='dataLayer'?'&l='+l:'';
            j.async=true;j.src='//www.googletagmanager.com/gtm.js?id='+i+dl;
            f.parentNode.insertBefore(j,f);
        })(window,document,'script','dataLayer','GTM-123');",
              }
            }
          />,
          "id": "react-google-tag-manager-gtm",
        },
        "ref": null,
        "rendered": Object {
          "instance": null,
          "key": null,
          "nodeType": "host",
          "props": Object {
            "dangerouslySetInnerHTML": Object {
              "__html": "
        (function(w,d,s,l,i){w[l]=w[l]||[];
            w[l].push({'gtm.start': new Date().getTime(),event:'gtm.js', });
            var f=d.getElementsByTagName(s)[0],j=d.createElement(s),dl=l!='dataLayer'?'&l='+l:'';
            j.async=true;j.src='//www.googletagmanager.com/gtm.js?id='+i+dl;
            f.parentNode.insertBefore(j,f);
        })(window,document,'script','dataLayer','GTM-123');",
            },
          },
          "ref": null,
          "rendered": null,
          "type": "script",
        },
        "type": "div",
      },
    ],
    "type": "div",
  },
  Symbol(enzyme.__nodes__): Array [
    Object {
      "instance": null,
      "key": null,
      "nodeType": "host",
      "props": Object {
        "children": Array [
          <div>
            <noscript
              dangerouslySetInnerHTML={
                Object {
                  "__html": "
        <iframe src=\\"//www.googletagmanager.com/ns.html?id=GTM-123\\"
            height=\\"0\\" width=\\"0\\" style=\\"display:none;visibility:hidden\\"></iframe>",
                }
              }
            />
          </div>,
          <div
            id="react-google-tag-manager-gtm"
          >
            <script
              dangerouslySetInnerHTML={
                Object {
                  "__html": "
        (function(w,d,s,l,i){w[l]=w[l]||[];
            w[l].push({'gtm.start': new Date().getTime(),event:'gtm.js', });
            var f=d.getElementsByTagName(s)[0],j=d.createElement(s),dl=l!='dataLayer'?'&l='+l:'';
            j.async=true;j.src='//www.googletagmanager.com/gtm.js?id='+i+dl;
            f.parentNode.insertBefore(j,f);
        })(window,document,'script','dataLayer','GTM-123');",
                }
              }
            />
          </div>,
        ],
      },
      "ref": null,
      "rendered": Array [
        Object {
          "instance": null,
          "key": null,
          "nodeType": "host",
          "props": Object {
            "children": <noscript
              dangerouslySetInnerHTML={
                Object {
                  "__html": "
        <iframe src=\\"//www.googletagmanager.com/ns.html?id=GTM-123\\"
            height=\\"0\\" width=\\"0\\" style=\\"display:none;visibility:hidden\\"></iframe>",
                }
              }
            />,
          },
          "ref": null,
          "rendered": Object {
            "instance": null,
            "key": null,
            "nodeType": "host",
            "props": Object {
              "dangerouslySetInnerHTML": Object {
                "__html": "
        <iframe src=\\"//www.googletagmanager.com/ns.html?id=GTM-123\\"
            height=\\"0\\" width=\\"0\\" style=\\"display:none;visibility:hidden\\"></iframe>",
              },
            },
            "ref": null,
            "rendered": null,
            "type": "noscript",
          },
          "type": "div",
        },
        Object {
          "instance": null,
          "key": null,
          "nodeType": "host",
          "props": Object {
            "children": <script
              dangerouslySetInnerHTML={
                Object {
                  "__html": "
        (function(w,d,s,l,i){w[l]=w[l]||[];
            w[l].push({'gtm.start': new Date().getTime(),event:'gtm.js', });
            var f=d.getElementsByTagName(s)[0],j=d.createElement(s),dl=l!='dataLayer'?'&l='+l:'';
            j.async=true;j.src='//www.googletagmanager.com/gtm.js?id='+i+dl;
            f.parentNode.insertBefore(j,f);
        })(window,document,'script','dataLayer','GTM-123');",
                }
              }
            />,
            "id": "react-google-tag-manager-gtm",
          },
          "ref": null,
          "rendered": Object {
            "instance": null,
            "key": null,
            "nodeType": "host",
            "props": Object {
              "dangerouslySetInnerHTML": Object {
                "__html": "
        (function(w,d,s,l,i){w[l]=w[l]||[];
            w[l].push({'gtm.start': new Date().getTime(),event:'gtm.js', });
            var f=d.getElementsByTagName(s)[0],j=d.createElement(s),dl=l!='dataLayer'?'&l='+l:'';
            j.async=true;j.src='//www.googletagmanager.com/gtm.js?id='+i+dl;
            f.parentNode.insertBefore(j,f);
        })(window,document,'script','dataLayer','GTM-123');",
              },
            },
            "ref": null,
            "rendered": null,
            "type": "script",
          },
          "type": "div",
        },
      ],
      "type": "div",
    },
  ],
  Symbol(enzyme.__options__): Object {
    "adapter": ReactSixteenAdapter {
      "options": Object {
        "enableComponentDidUpdateOnSetState": true,
      },
    },
    "disableLifecycleMethods": true,
  },
}
`;
