// Jest Snapshot v1, https://goo.gl/fbAQLP

exports[`renders the FirmLight component 1`] = `
ShallowWrapper {
  "length": 1,
  Symbol(enzyme.__root__): [Circular],
  Symbol(enzyme.__unrendered__): <FirmLight
    globalRating={4.5}
    globalRatingCount={88}
    imageUrl="https://res.cloudinary.com/quotatis/image/upload/v1495120789/GB/ChatbotImages/Q1/experts-and-advices-before-work.jpg"
    logoUrl=""
    name="test"
    postalCode="96352"
  />,
  Symbol(enzyme.__renderer__): Object {
    "batchedUpdates": [Function],
    "getNode": [Function],
    "render": [Function],
    "simulateEvent": [Function],
    "unmount": [Function],
  },
  Symbol(enzyme.__node__): Object {
    "instance": null,
    "key": null,
    "nodeType": "class",
    "props": Object {
      "children": Array [
        <HeaderWrapper
          imageUrl="https://res.cloudinary.com/quotatis/image/upload/v1495120789/GB/ChatbotImages/Q1/experts-and-advices-before-work.jpg"
        >
          <TopHeaderWrapper>
            <StyledProfileImage
              imageLink=""
            />
            <NoteFirm>
              <p>
                <strong>
                  4.5
                </strong>
                /5
                 
              </p>
              <span>
                88
                 
                <FormattedMessage
                  id="firm.details.reviews"
                  values={Object {}}
                />
              </span>
            </NoteFirm>
          </TopHeaderWrapper>
        </HeaderWrapper>,
        <FooterWrapper>
          <StyledHeading
            level={3}
          >
            test
          </StyledHeading>
          <StyledParagraph>
            <StyledIcon
              icon="location-pin"
            />
            96352
          </StyledParagraph>
        </FooterWrapper>,
      ],
    },
    "ref": null,
    "rendered": Array [
      Object {
        "instance": null,
        "key": null,
        "nodeType": "class",
        "props": Object {
          "children": <TopHeaderWrapper>
            <StyledProfileImage
              imageLink=""
            />
            <NoteFirm>
              <p>
                <strong>
                  4.5
                </strong>
                /5
                 
              </p>
              <span>
                88
                 
                <FormattedMessage
                  id="firm.details.reviews"
                  values={Object {}}
                />
              </span>
            </NoteFirm>
          </TopHeaderWrapper>,
          "imageUrl": "https://res.cloudinary.com/quotatis/image/upload/v1495120789/GB/ChatbotImages/Q1/experts-and-advices-before-work.jpg",
        },
        "ref": null,
        "rendered": Object {
          "instance": null,
          "key": null,
          "nodeType": "class",
          "props": Object {
            "children": Array [
              <StyledProfileImage
                imageLink=""
              />,
              <NoteFirm>
                <p>
                  <strong>
                    4.5
                  </strong>
                  /5
                   
                </p>
                <span>
                  88
                   
                  <FormattedMessage
                    id="firm.details.reviews"
                    values={Object {}}
                  />
                </span>
              </NoteFirm>,
            ],
          },
          "ref": null,
          "rendered": Array [
            Object {
              "instance": null,
              "key": null,
              "nodeType": "class",
              "props": Object {
                "imageLink": "",
              },
              "ref": null,
              "rendered": null,
              "type": [Function],
            },
            Object {
              "instance": null,
              "key": null,
              "nodeType": "class",
              "props": Object {
                "children": Array [
                  <p>
                    <strong>
                      4.5
                    </strong>
                    /5
                     
                  </p>,
                  <span>
                    88
                     
                    <FormattedMessage
                      id="firm.details.reviews"
                      values={Object {}}
                    />
                  </span>,
                ],
              },
              "ref": null,
              "rendered": Array [
                Object {
                  "instance": null,
                  "key": null,
                  "nodeType": "host",
                  "props": Object {
                    "children": Array [
                      <strong>
                        4.5
                      </strong>,
                      "/5",
                      " ",
                    ],
                  },
                  "ref": null,
                  "rendered": Array [
                    Object {
                      "instance": null,
                      "key": null,
                      "nodeType": "host",
                      "props": Object {
                        "children": "4.5",
                      },
                      "ref": null,
                      "rendered": "4.5",
                      "type": "strong",
                    },
                    "/5",
                    " ",
                  ],
                  "type": "p",
                },
                Object {
                  "instance": null,
                  "key": null,
                  "nodeType": "host",
                  "props": Object {
                    "children": Array [
                      88,
                      " ",
                      <FormattedMessage
                        id="firm.details.reviews"
                        values={Object {}}
                      />,
                    ],
                  },
                  "ref": null,
                  "rendered": Array [
                    88,
                    " ",
                    Object {
                      "instance": null,
                      "key": null,
                      "nodeType": "class",
                      "props": Object {
                        "id": "firm.details.reviews",
                        "values": Object {},
                      },
                      "ref": null,
                      "rendered": null,
                      "type": [Function],
                    },
                  ],
                  "type": "span",
                },
              ],
              "type": [Function],
            },
          ],
          "type": [Function],
        },
        "type": [Function],
      },
      Object {
        "instance": null,
        "key": null,
        "nodeType": "class",
        "props": Object {
          "children": Array [
            <StyledHeading
              level={3}
            >
              test
            </StyledHeading>,
            <StyledParagraph>
              <StyledIcon
                icon="location-pin"
              />
              96352
            </StyledParagraph>,
          ],
        },
        "ref": null,
        "rendered": Array [
          Object {
            "instance": null,
            "key": null,
            "nodeType": "class",
            "props": Object {
              "children": "test",
              "level": 3,
            },
            "ref": null,
            "rendered": "test",
            "type": [Function],
          },
          Object {
            "instance": null,
            "key": null,
            "nodeType": "class",
            "props": Object {
              "children": Array [
                <StyledIcon
                  icon="location-pin"
                />,
                "96352",
              ],
            },
            "ref": null,
            "rendered": Array [
              Object {
                "instance": null,
                "key": null,
                "nodeType": "class",
                "props": Object {
                  "icon": "location-pin",
                },
                "ref": null,
                "rendered": null,
                "type": [Function],
              },
              "96352",
            ],
            "type": [Function],
          },
        ],
        "type": [Function],
      },
    ],
    "type": [Function],
  },
  Symbol(enzyme.__nodes__): Array [
    Object {
      "instance": null,
      "key": null,
      "nodeType": "class",
      "props": Object {
        "children": Array [
          <HeaderWrapper
            imageUrl="https://res.cloudinary.com/quotatis/image/upload/v1495120789/GB/ChatbotImages/Q1/experts-and-advices-before-work.jpg"
          >
            <TopHeaderWrapper>
              <StyledProfileImage
                imageLink=""
              />
              <NoteFirm>
                <p>
                  <strong>
                    4.5
                  </strong>
                  /5
                   
                </p>
                <span>
                  88
                   
                  <FormattedMessage
                    id="firm.details.reviews"
                    values={Object {}}
                  />
                </span>
              </NoteFirm>
            </TopHeaderWrapper>
          </HeaderWrapper>,
          <FooterWrapper>
            <StyledHeading
              level={3}
            >
              test
            </StyledHeading>
            <StyledParagraph>
              <StyledIcon
                icon="location-pin"
              />
              96352
            </StyledParagraph>
          </FooterWrapper>,
        ],
      },
      "ref": null,
      "rendered": Array [
        Object {
          "instance": null,
          "key": null,
          "nodeType": "class",
          "props": Object {
            "children": <TopHeaderWrapper>
              <StyledProfileImage
                imageLink=""
              />
              <NoteFirm>
                <p>
                  <strong>
                    4.5
                  </strong>
                  /5
                   
                </p>
                <span>
                  88
                   
                  <FormattedMessage
                    id="firm.details.reviews"
                    values={Object {}}
                  />
                </span>
              </NoteFirm>
            </TopHeaderWrapper>,
            "imageUrl": "https://res.cloudinary.com/quotatis/image/upload/v1495120789/GB/ChatbotImages/Q1/experts-and-advices-before-work.jpg",
          },
          "ref": null,
          "rendered": Object {
            "instance": null,
            "key": null,
            "nodeType": "class",
            "props": Object {
              "children": Array [
                <StyledProfileImage
                  imageLink=""
                />,
                <NoteFirm>
                  <p>
                    <strong>
                      4.5
                    </strong>
                    /5
                     
                  </p>
                  <span>
                    88
                     
                    <FormattedMessage
                      id="firm.details.reviews"
                      values={Object {}}
                    />
                  </span>
                </NoteFirm>,
              ],
            },
            "ref": null,
            "rendered": Array [
              Object {
                "instance": null,
                "key": null,
                "nodeType": "class",
                "props": Object {
                  "imageLink": "",
                },
                "ref": null,
                "rendered": null,
                "type": [Function],
              },
              Object {
                "instance": null,
                "key": null,
                "nodeType": "class",
                "props": Object {
                  "children": Array [
                    <p>
                      <strong>
                        4.5
                      </strong>
                      /5
                       
                    </p>,
                    <span>
                      88
                       
                      <FormattedMessage
                        id="firm.details.reviews"
                        values={Object {}}
                      />
                    </span>,
                  ],
                },
                "ref": null,
                "rendered": Array [
                  Object {
                    "instance": null,
                    "key": null,
                    "nodeType": "host",
                    "props": Object {
                      "children": Array [
                        <strong>
                          4.5
                        </strong>,
                        "/5",
                        " ",
                      ],
                    },
                    "ref": null,
                    "rendered": Array [
                      Object {
                        "instance": null,
                        "key": null,
                        "nodeType": "host",
                        "props": Object {
                          "children": "4.5",
                        },
                        "ref": null,
                        "rendered": "4.5",
                        "type": "strong",
                      },
                      "/5",
                      " ",
                    ],
                    "type": "p",
                  },
                  Object {
                    "instance": null,
                    "key": null,
                    "nodeType": "host",
                    "props": Object {
                      "children": Array [
                        88,
                        " ",
                        <FormattedMessage
                          id="firm.details.reviews"
                          values={Object {}}
                        />,
                      ],
                    },
                    "ref": null,
                    "rendered": Array [
                      88,
                      " ",
                      Object {
                        "instance": null,
                        "key": null,
                        "nodeType": "class",
                        "props": Object {
                          "id": "firm.details.reviews",
                          "values": Object {},
                        },
                        "ref": null,
                        "rendered": null,
                        "type": [Function],
                      },
                    ],
                    "type": "span",
                  },
                ],
                "type": [Function],
              },
            ],
            "type": [Function],
          },
          "type": [Function],
        },
        Object {
          "instance": null,
          "key": null,
          "nodeType": "class",
          "props": Object {
            "children": Array [
              <StyledHeading
                level={3}
              >
                test
              </StyledHeading>,
              <StyledParagraph>
                <StyledIcon
                  icon="location-pin"
                />
                96352
              </StyledParagraph>,
            ],
          },
          "ref": null,
          "rendered": Array [
            Object {
              "instance": null,
              "key": null,
              "nodeType": "class",
              "props": Object {
                "children": "test",
                "level": 3,
              },
              "ref": null,
              "rendered": "test",
              "type": [Function],
            },
            Object {
              "instance": null,
              "key": null,
              "nodeType": "class",
              "props": Object {
                "children": Array [
                  <StyledIcon
                    icon="location-pin"
                  />,
                  "96352",
                ],
              },
              "ref": null,
              "rendered": Array [
                Object {
                  "instance": null,
                  "key": null,
                  "nodeType": "class",
                  "props": Object {
                    "icon": "location-pin",
                  },
                  "ref": null,
                  "rendered": null,
                  "type": [Function],
                },
                "96352",
              ],
              "type": [Function],
            },
          ],
          "type": [Function],
        },
      ],
      "type": [Function],
    },
  ],
  Symbol(enzyme.__options__): Object {
    "adapter": ReactSixteenAdapter {
      "options": Object {
        "enableComponentDidUpdateOnSetState": true,
      },
    },
    "disableLifecycleMethods": true,
  },
}
`;
