// Jest Snapshot v1, https://goo.gl/fbAQLP

exports[`renders the FirmLight component 1`] = `
ShallowWrapper {
  "complexSelector": ComplexSelector {
    "buildPredicate": [Function],
    "childrenOfNode": [Function],
    "findWhereUnwrapped": [Function],
  },
  "length": 1,
  "node": <styled.div>
    <styled.header
        imageUrl="https://res.cloudinary.com/quotatis/image/upload/v1495120789/GB/ChatbotImages/Q1/experts-and-advices-before-work.jpg"
    >
        <styled.div>
            <Styled(Mock)
                imageLink=""
            />
            <styled.div>
                <p>
                    <strong>
                        4.5
                    </strong>
                    /5
                     
                </p>
                <span>
                    88
                     
                    <FormattedMessage
                        id="firm.details.reviews"
                        values={Object {}}
                    />
                </span>
            </styled.div>
        </styled.div>
    </styled.header>
    <styled.footer>
        <Styled(Mock)
            level={3}
        >
            test
        </Styled(Mock)>
        <Styled(Mock)>
            <Styled(Mock)
                icon="location-pin"
            />
            96352
        </Styled(Mock)>
    </styled.footer>
</styled.div>,
  "nodes": Array [
    <styled.div>
      <styled.header
            imageUrl="https://res.cloudinary.com/quotatis/image/upload/v1495120789/GB/ChatbotImages/Q1/experts-and-advices-before-work.jpg"
      >
            <styled.div>
                  <Styled(Mock)
                        imageLink=""
                  />
                  <styled.div>
                        <p>
                              <strong>
                                    4.5
                              </strong>
                              /5
                               
                        </p>
                        <span>
                              88
                               
                              <FormattedMessage
                                    id="firm.details.reviews"
                                    values={Object {}}
                              />
                        </span>
                  </styled.div>
            </styled.div>
      </styled.header>
      <styled.footer>
            <Styled(Mock)
                  level={3}
            >
                  test
            </Styled(Mock)>
            <Styled(Mock)>
                  <Styled(Mock)
                        icon="location-pin"
                  />
                  96352
            </Styled(Mock)>
      </styled.footer>
</styled.div>,
  ],
  "options": Object {},
  "renderer": ReactShallowRenderer {
    "_instance": ShallowComponentWrapper {
      "_calledComponentWillUnmount": false,
      "_compositeType": 2,
      "_context": Object {},
      "_currentElement": <FirmLight
        globalRating={4.5}
        globalRatingCount={88}
        imageUrl="https://res.cloudinary.com/quotatis/image/upload/v1495120789/GB/ChatbotImages/Q1/experts-and-advices-before-work.jpg"
        logoUrl=""
        name="test"
        postalCode="96352"
/>,
      "_debugID": 1,
      "_hostContainerInfo": null,
      "_hostParent": null,
      "_instance": StatelessComponent {
        "_reactInternalInstance": [Circular],
        "context": Object {},
        "props": Object {
          "globalRating": 4.5,
          "globalRatingCount": 88,
          "imageUrl": "https://res.cloudinary.com/quotatis/image/upload/v1495120789/GB/ChatbotImages/Q1/experts-and-advices-before-work.jpg",
          "logoUrl": "",
          "name": "test",
          "postalCode": "96352",
        },
        "refs": Object {},
        "state": null,
        "updater": Object {
          "enqueueCallback": [Function],
          "enqueueCallbackInternal": [Function],
          "enqueueElementInternal": [Function],
          "enqueueForceUpdate": [Function],
          "enqueueReplaceState": [Function],
          "enqueueSetState": [Function],
          "isMounted": [Function],
          "validateCallback": [Function],
        },
      },
      "_mountOrder": 1,
      "_pendingCallbacks": null,
      "_pendingElement": null,
      "_pendingForceUpdate": false,
      "_pendingReplaceState": false,
      "_pendingStateQueue": null,
      "_renderedComponent": NoopInternalComponent {
        "_currentElement": <styled.div>
          <styled.header
                    imageUrl="https://res.cloudinary.com/quotatis/image/upload/v1495120789/GB/ChatbotImages/Q1/experts-and-advices-before-work.jpg"
          >
                    <styled.div>
                              <Styled(Mock)
                                        imageLink=""
                              />
                              <styled.div>
                                        <p>
                                                  <strong>
                                                            4.5
                                                  </strong>
                                                  /5
                                                   
                                        </p>
                                        <span>
                                                  88
                                                   
                                                  <FormattedMessage
                                                            id="firm.details.reviews"
                                                            values={Object {}}
                                                  />
                                        </span>
                              </styled.div>
                    </styled.div>
          </styled.header>
          <styled.footer>
                    <Styled(Mock)
                              level={3}
                    >
                              test
                    </Styled(Mock)>
                    <Styled(Mock)>
                              <Styled(Mock)
                                        icon="location-pin"
                              />
                              96352
                    </Styled(Mock)>
          </styled.footer>
</styled.div>,
        "_debugID": 2,
        "_renderedOutput": <styled.div>
          <styled.header
                    imageUrl="https://res.cloudinary.com/quotatis/image/upload/v1495120789/GB/ChatbotImages/Q1/experts-and-advices-before-work.jpg"
          >
                    <styled.div>
                              <Styled(Mock)
                                        imageLink=""
                              />
                              <styled.div>
                                        <p>
                                                  <strong>
                                                            4.5
                                                  </strong>
                                                  /5
                                                   
                                        </p>
                                        <span>
                                                  88
                                                   
                                                  <FormattedMessage
                                                            id="firm.details.reviews"
                                                            values={Object {}}
                                                  />
                                        </span>
                              </styled.div>
                    </styled.div>
          </styled.header>
          <styled.footer>
                    <Styled(Mock)
                              level={3}
                    >
                              test
                    </Styled(Mock)>
                    <Styled(Mock)>
                              <Styled(Mock)
                                        icon="location-pin"
                              />
                              96352
                    </Styled(Mock)>
          </styled.footer>
</styled.div>,
      },
      "_renderedNodeType": 1,
      "_rootNodeID": 0,
      "_topLevelWrapper": null,
      "_updateBatchNumber": null,
      "_warnedAboutRefsInRender": false,
    },
    "getRenderOutput": [Function],
    "render": [Function],
  },
  "root": [Circular],
  "unrendered": <FirmLight
    globalRating={4.5}
    globalRatingCount={88}
    imageUrl="https://res.cloudinary.com/quotatis/image/upload/v1495120789/GB/ChatbotImages/Q1/experts-and-advices-before-work.jpg"
    logoUrl=""
    name="test"
    postalCode="96352"
/>,
}
`;
