// Jest Snapshot v1, https://goo.gl/fbAQLP

exports[`renders Form 1`] = `
<Connect(Form(InjectTranslate(Form)))
  destroyOnUnmount={true}
  enableReinitialize={false}
  forceUnregisterOnUnmount={false}
  form="ProjectElaboration"
  getFormState={[Function]}
  keepDirtyOnReinitialize={false}
  persistentSubmitErrors={false}
  pure={true}
  shouldAsyncValidate={[Function]}
  shouldValidate={[Function]}
  touchOnBlur={true}
  touchOnChange={false}
/>
`;
