// Jest Snapshot v1, https://goo.gl/fbAQLP

exports[`renders the WordPressPostContent component 1`] = `
ShallowWrapper {
  "complexSelector": ComplexSelector {
    "buildPredicate": [Function],
    "childrenOfNode": [Function],
    "findWhereUnwrapped": [Function],
  },
  "length": 1,
  "node": <StyledParagraph
    dangerouslySetInnerHTML={
        Object {
            "__html": "Some text with a <a href=\\"https://google.com\\">link</a>.",
          }
    }
/>,
  "nodes": Array [
    <StyledParagraph
      dangerouslySetInnerHTML={
            Object {
                  "__html": "Some text with a <a href=\\"https://google.com\\">link</a>.",
                }
      }
/>,
  ],
  "options": Object {},
  "renderer": ReactShallowRenderer {
    "_instance": ShallowComponentWrapper {
      "_calledComponentWillUnmount": false,
      "_compositeType": 2,
      "_context": Object {},
      "_currentElement": <WordPressPostContent
        content="Some text with a <a href=\\"https://google.com\\">link</a>."
/>,
      "_debugID": 1,
      "_hostContainerInfo": null,
      "_hostParent": null,
      "_instance": StatelessComponent {
        "_reactInternalInstance": [Circular],
        "context": Object {},
        "props": Object {
          "content": "Some text with a <a href=\\"https://google.com\\">link</a>.",
        },
        "refs": Object {},
        "state": null,
        "updater": Object {
          "enqueueCallback": [Function],
          "enqueueCallbackInternal": [Function],
          "enqueueElementInternal": [Function],
          "enqueueForceUpdate": [Function],
          "enqueueReplaceState": [Function],
          "enqueueSetState": [Function],
          "isMounted": [Function],
          "validateCallback": [Function],
        },
      },
      "_mountOrder": 1,
      "_pendingCallbacks": null,
      "_pendingElement": null,
      "_pendingForceUpdate": false,
      "_pendingReplaceState": false,
      "_pendingStateQueue": null,
      "_renderedComponent": NoopInternalComponent {
        "_currentElement": <StyledParagraph
          dangerouslySetInnerHTML={
                    Object {
                              "__html": "Some text with a <a href=\\"https://google.com\\">link</a>.",
                            }
          }
/>,
        "_debugID": 2,
        "_renderedOutput": <StyledParagraph
          dangerouslySetInnerHTML={
                    Object {
                              "__html": "Some text with a <a href=\\"https://google.com\\">link</a>.",
                            }
          }
/>,
      },
      "_renderedNodeType": 1,
      "_rootNodeID": 0,
      "_topLevelWrapper": null,
      "_updateBatchNumber": null,
      "_warnedAboutRefsInRender": false,
    },
    "getRenderOutput": [Function],
    "render": [Function],
  },
  "root": [Circular],
  "unrendered": <WordPressPostContent
    content="Some text with a <a href=\\"https://google.com\\">link</a>."
/>,
}
`;
