// Jest Snapshot v1, https://goo.gl/fbAQLP

exports[`renders the FirmLight component 1`] = `
ShallowWrapper {
  "length": 1,
  Symbol(enzyme.__root__): [Circular],
  Symbol(enzyme.__unrendered__): <FirmFull
    globalRating={4.5}
    globalRatingCount={88}
    logoUrl=""
    name="test"
    postalCode="96352"
  />,
  Symbol(enzyme.__renderer__): Object {
    "batchedUpdates": [Function],
    "getNode": [Function],
    "render": [Function],
    "simulateEvent": [Function],
    "unmount": [Function],
  },
  Symbol(enzyme.__node__): Object {
    "instance": null,
    "key": null,
    "nodeType": "function",
    "props": Object {
      "children": Array [
        <li>
          <FormattedMessage
            id="firm.details.logo"
            values={Object {}}
          />
          :
           
          <FormattedMessage
            id="firm.details.logo_missing"
            values={Object {}}
          />
        </li>,
        <li>
          <FormattedMessage
            id="firm.details.name"
            values={Object {}}
          />
          : 
          test
        </li>,
        <li>
          <FormattedMessage
            id="firm.details.postal_code"
            values={Object {}}
          />
          : 
          96352
        </li>,
        <li>
          <FormattedMessage
            id="firm.details.city"
            values={Object {}}
          />
          : 
        </li>,
        <li>
          <FormattedMessage
            id="firm.details.country"
            values={Object {}}
          />
          : 
        </li>,
        <li>
          <FormattedMessage
            id="firm.details.registration_number"
            values={Object {}}
          />
          : 
        </li>,
        <li>
          <FormattedMessage
            id="firm.details.description"
            values={Object {}}
          />
          : 
        </li>,
        <li>
          <FormattedMessage
            id="firm.details.website"
            values={Object {}}
          />
          :
           
          <FormattedMessage
            id="firm.details.website_missing"
            values={Object {}}
          />
        </li>,
        <li>
          <FormattedMessage
            id="firm.details.employees_number"
            values={Object {}}
          />
          : 
        </li>,
        <li>
          <FormattedMessage
            id="firm.details.client_since"
            values={Object {}}
          />
          : 
        </li>,
        <li>
          <FormattedMessage
            id="firm.details.certificate"
            values={Object {}}
          />
          : 
        </li>,
        <li>
          <FormattedMessage
            id="firm.details.budget"
            values={Object {}}
          />
          : 
        </li>,
        <li>
          <FormattedMessage
            id="firm.details.delay"
            values={Object {}}
          />
          : 
        </li>,
        <li>
          <FormattedMessage
            id="firm.details.conviviality"
            values={Object {}}
          />
          : 
        </li>,
        <li>
          <FormattedMessage
            id="firm.details.notation"
            values={Object {}}
          />
          :
           
          0.05113636363636364
        </li>,
        <li>
          <FormattedMessage
            id="firm.details.served_area_cities"
            values={Object {}}
          />
          : 
        </li>,
      ],
    },
    "ref": null,
    "rendered": Array [
      Object {
        "instance": null,
        "key": null,
        "nodeType": "host",
        "props": Object {
          "children": Array [
            <FormattedMessage
              id="firm.details.logo"
              values={Object {}}
            />,
            ":",
            " ",
            <FormattedMessage
              id="firm.details.logo_missing"
              values={Object {}}
            />,
          ],
        },
        "ref": null,
        "rendered": Array [
          Object {
            "instance": null,
            "key": null,
            "nodeType": "class",
            "props": Object {
              "id": "firm.details.logo",
              "values": Object {},
            },
            "ref": null,
            "rendered": null,
            "type": [Function],
          },
          ":",
          " ",
          Object {
            "instance": null,
            "key": null,
            "nodeType": "class",
            "props": Object {
              "id": "firm.details.logo_missing",
              "values": Object {},
            },
            "ref": null,
            "rendered": null,
            "type": [Function],
          },
        ],
        "type": "li",
      },
      Object {
        "instance": null,
        "key": null,
        "nodeType": "host",
        "props": Object {
          "children": Array [
            <FormattedMessage
              id="firm.details.name"
              values={Object {}}
            />,
            ": ",
            "test",
          ],
        },
        "ref": null,
        "rendered": Array [
          Object {
            "instance": null,
            "key": null,
            "nodeType": "class",
            "props": Object {
              "id": "firm.details.name",
              "values": Object {},
            },
            "ref": null,
            "rendered": null,
            "type": [Function],
          },
          ": ",
          "test",
        ],
        "type": "li",
      },
      Object {
        "instance": null,
        "key": null,
        "nodeType": "host",
        "props": Object {
          "children": Array [
            <FormattedMessage
              id="firm.details.postal_code"
              values={Object {}}
            />,
            ": ",
            "96352",
          ],
        },
        "ref": null,
        "rendered": Array [
          Object {
            "instance": null,
            "key": null,
            "nodeType": "class",
            "props": Object {
              "id": "firm.details.postal_code",
              "values": Object {},
            },
            "ref": null,
            "rendered": null,
            "type": [Function],
          },
          ": ",
          "96352",
        ],
        "type": "li",
      },
      Object {
        "instance": null,
        "key": null,
        "nodeType": "host",
        "props": Object {
          "children": Array [
            <FormattedMessage
              id="firm.details.city"
              values={Object {}}
            />,
            ": ",
            undefined,
          ],
        },
        "ref": null,
        "rendered": Array [
          Object {
            "instance": null,
            "key": null,
            "nodeType": "class",
            "props": Object {
              "id": "firm.details.city",
              "values": Object {},
            },
            "ref": null,
            "rendered": null,
            "type": [Function],
          },
          ": ",
          undefined,
        ],
        "type": "li",
      },
      Object {
        "instance": null,
        "key": null,
        "nodeType": "host",
        "props": Object {
          "children": Array [
            <FormattedMessage
              id="firm.details.country"
              values={Object {}}
            />,
            ": ",
            undefined,
          ],
        },
        "ref": null,
        "rendered": Array [
          Object {
            "instance": null,
            "key": null,
            "nodeType": "class",
            "props": Object {
              "id": "firm.details.country",
              "values": Object {},
            },
            "ref": null,
            "rendered": null,
            "type": [Function],
          },
          ": ",
          undefined,
        ],
        "type": "li",
      },
      Object {
        "instance": null,
        "key": null,
        "nodeType": "host",
        "props": Object {
          "children": Array [
            <FormattedMessage
              id="firm.details.registration_number"
              values={Object {}}
            />,
            ": ",
            undefined,
          ],
        },
        "ref": null,
        "rendered": Array [
          Object {
            "instance": null,
            "key": null,
            "nodeType": "class",
            "props": Object {
              "id": "firm.details.registration_number",
              "values": Object {},
            },
            "ref": null,
            "rendered": null,
            "type": [Function],
          },
          ": ",
          undefined,
        ],
        "type": "li",
      },
      Object {
        "instance": null,
        "key": null,
        "nodeType": "host",
        "props": Object {
          "children": Array [
            <FormattedMessage
              id="firm.details.description"
              values={Object {}}
            />,
            ": ",
            undefined,
          ],
        },
        "ref": null,
        "rendered": Array [
          Object {
            "instance": null,
            "key": null,
            "nodeType": "class",
            "props": Object {
              "id": "firm.details.description",
              "values": Object {},
            },
            "ref": null,
            "rendered": null,
            "type": [Function],
          },
          ": ",
          undefined,
        ],
        "type": "li",
      },
      Object {
        "instance": null,
        "key": null,
        "nodeType": "host",
        "props": Object {
          "children": Array [
            <FormattedMessage
              id="firm.details.website"
              values={Object {}}
            />,
            ":",
            " ",
            <FormattedMessage
              id="firm.details.website_missing"
              values={Object {}}
            />,
          ],
        },
        "ref": null,
        "rendered": Array [
          Object {
            "instance": null,
            "key": null,
            "nodeType": "class",
            "props": Object {
              "id": "firm.details.website",
              "values": Object {},
            },
            "ref": null,
            "rendered": null,
            "type": [Function],
          },
          ":",
          " ",
          Object {
            "instance": null,
            "key": null,
            "nodeType": "class",
            "props": Object {
              "id": "firm.details.website_missing",
              "values": Object {},
            },
            "ref": null,
            "rendered": null,
            "type": [Function],
          },
        ],
        "type": "li",
      },
      Object {
        "instance": null,
        "key": null,
        "nodeType": "host",
        "props": Object {
          "children": Array [
            <FormattedMessage
              id="firm.details.employees_number"
              values={Object {}}
            />,
            ": ",
            undefined,
          ],
        },
        "ref": null,
        "rendered": Array [
          Object {
            "instance": null,
            "key": null,
            "nodeType": "class",
            "props": Object {
              "id": "firm.details.employees_number",
              "values": Object {},
            },
            "ref": null,
            "rendered": null,
            "type": [Function],
          },
          ": ",
          undefined,
        ],
        "type": "li",
      },
      Object {
        "instance": null,
        "key": null,
        "nodeType": "host",
        "props": Object {
          "children": Array [
            <FormattedMessage
              id="firm.details.client_since"
              values={Object {}}
            />,
            ": ",
            undefined,
          ],
        },
        "ref": null,
        "rendered": Array [
          Object {
            "instance": null,
            "key": null,
            "nodeType": "class",
            "props": Object {
              "id": "firm.details.client_since",
              "values": Object {},
            },
            "ref": null,
            "rendered": null,
            "type": [Function],
          },
          ": ",
          undefined,
        ],
        "type": "li",
      },
      Object {
        "instance": null,
        "key": null,
        "nodeType": "host",
        "props": Object {
          "children": Array [
            <FormattedMessage
              id="firm.details.certificate"
              values={Object {}}
            />,
            ": ",
            null,
          ],
        },
        "ref": null,
        "rendered": Array [
          Object {
            "instance": null,
            "key": null,
            "nodeType": "class",
            "props": Object {
              "id": "firm.details.certificate",
              "values": Object {},
            },
            "ref": null,
            "rendered": null,
            "type": [Function],
          },
          ": ",
          null,
        ],
        "type": "li",
      },
      Object {
        "instance": null,
        "key": null,
        "nodeType": "host",
        "props": Object {
          "children": Array [
            <FormattedMessage
              id="firm.details.budget"
              values={Object {}}
            />,
            ": ",
            undefined,
          ],
        },
        "ref": null,
        "rendered": Array [
          Object {
            "instance": null,
            "key": null,
            "nodeType": "class",
            "props": Object {
              "id": "firm.details.budget",
              "values": Object {},
            },
            "ref": null,
            "rendered": null,
            "type": [Function],
          },
          ": ",
          undefined,
        ],
        "type": "li",
      },
      Object {
        "instance": null,
        "key": null,
        "nodeType": "host",
        "props": Object {
          "children": Array [
            <FormattedMessage
              id="firm.details.delay"
              values={Object {}}
            />,
            ": ",
            undefined,
          ],
        },
        "ref": null,
        "rendered": Array [
          Object {
            "instance": null,
            "key": null,
            "nodeType": "class",
            "props": Object {
              "id": "firm.details.delay",
              "values": Object {},
            },
            "ref": null,
            "rendered": null,
            "type": [Function],
          },
          ": ",
          undefined,
        ],
        "type": "li",
      },
      Object {
        "instance": null,
        "key": null,
        "nodeType": "host",
        "props": Object {
          "children": Array [
            <FormattedMessage
              id="firm.details.conviviality"
              values={Object {}}
            />,
            ": ",
            undefined,
          ],
        },
        "ref": null,
        "rendered": Array [
          Object {
            "instance": null,
            "key": null,
            "nodeType": "class",
            "props": Object {
              "id": "firm.details.conviviality",
              "values": Object {},
            },
            "ref": null,
            "rendered": null,
            "type": [Function],
          },
          ": ",
          undefined,
        ],
        "type": "li",
      },
      Object {
        "instance": null,
        "key": null,
        "nodeType": "host",
        "props": Object {
          "children": Array [
            <FormattedMessage
              id="firm.details.notation"
              values={Object {}}
            />,
            ":",
            " ",
            0.05113636363636364,
          ],
        },
        "ref": null,
        "rendered": Array [
          Object {
            "instance": null,
            "key": null,
            "nodeType": "class",
            "props": Object {
              "id": "firm.details.notation",
              "values": Object {},
            },
            "ref": null,
            "rendered": null,
            "type": [Function],
          },
          ":",
          " ",
          0.05113636363636364,
        ],
        "type": "li",
      },
      Object {
        "instance": null,
        "key": null,
        "nodeType": "host",
        "props": Object {
          "children": Array [
            <FormattedMessage
              id="firm.details.served_area_cities"
              values={Object {}}
            />,
            ": ",
            null,
          ],
        },
        "ref": null,
        "rendered": Array [
          Object {
            "instance": null,
            "key": null,
            "nodeType": "class",
            "props": Object {
              "id": "firm.details.served_area_cities",
              "values": Object {},
            },
            "ref": null,
            "rendered": null,
            "type": [Function],
          },
          ": ",
          null,
        ],
        "type": "li",
      },
    ],
    "type": [Function],
  },
  Symbol(enzyme.__nodes__): Array [
    Object {
      "instance": null,
      "key": null,
      "nodeType": "function",
      "props": Object {
        "children": Array [
          <li>
            <FormattedMessage
              id="firm.details.logo"
              values={Object {}}
            />
            :
             
            <FormattedMessage
              id="firm.details.logo_missing"
              values={Object {}}
            />
          </li>,
          <li>
            <FormattedMessage
              id="firm.details.name"
              values={Object {}}
            />
            : 
            test
          </li>,
          <li>
            <FormattedMessage
              id="firm.details.postal_code"
              values={Object {}}
            />
            : 
            96352
          </li>,
          <li>
            <FormattedMessage
              id="firm.details.city"
              values={Object {}}
            />
            : 
          </li>,
          <li>
            <FormattedMessage
              id="firm.details.country"
              values={Object {}}
            />
            : 
          </li>,
          <li>
            <FormattedMessage
              id="firm.details.registration_number"
              values={Object {}}
            />
            : 
          </li>,
          <li>
            <FormattedMessage
              id="firm.details.description"
              values={Object {}}
            />
            : 
          </li>,
          <li>
            <FormattedMessage
              id="firm.details.website"
              values={Object {}}
            />
            :
             
            <FormattedMessage
              id="firm.details.website_missing"
              values={Object {}}
            />
          </li>,
          <li>
            <FormattedMessage
              id="firm.details.employees_number"
              values={Object {}}
            />
            : 
          </li>,
          <li>
            <FormattedMessage
              id="firm.details.client_since"
              values={Object {}}
            />
            : 
          </li>,
          <li>
            <FormattedMessage
              id="firm.details.certificate"
              values={Object {}}
            />
            : 
          </li>,
          <li>
            <FormattedMessage
              id="firm.details.budget"
              values={Object {}}
            />
            : 
          </li>,
          <li>
            <FormattedMessage
              id="firm.details.delay"
              values={Object {}}
            />
            : 
          </li>,
          <li>
            <FormattedMessage
              id="firm.details.conviviality"
              values={Object {}}
            />
            : 
          </li>,
          <li>
            <FormattedMessage
              id="firm.details.notation"
              values={Object {}}
            />
            :
             
            0.05113636363636364
          </li>,
          <li>
            <FormattedMessage
              id="firm.details.served_area_cities"
              values={Object {}}
            />
            : 
          </li>,
        ],
      },
      "ref": null,
      "rendered": Array [
        Object {
          "instance": null,
          "key": null,
          "nodeType": "host",
          "props": Object {
            "children": Array [
              <FormattedMessage
                id="firm.details.logo"
                values={Object {}}
              />,
              ":",
              " ",
              <FormattedMessage
                id="firm.details.logo_missing"
                values={Object {}}
              />,
            ],
          },
          "ref": null,
          "rendered": Array [
            Object {
              "instance": null,
              "key": null,
              "nodeType": "class",
              "props": Object {
                "id": "firm.details.logo",
                "values": Object {},
              },
              "ref": null,
              "rendered": null,
              "type": [Function],
            },
            ":",
            " ",
            Object {
              "instance": null,
              "key": null,
              "nodeType": "class",
              "props": Object {
                "id": "firm.details.logo_missing",
                "values": Object {},
              },
              "ref": null,
              "rendered": null,
              "type": [Function],
            },
          ],
          "type": "li",
        },
        Object {
          "instance": null,
          "key": null,
          "nodeType": "host",
          "props": Object {
            "children": Array [
              <FormattedMessage
                id="firm.details.name"
                values={Object {}}
              />,
              ": ",
              "test",
            ],
          },
          "ref": null,
          "rendered": Array [
            Object {
              "instance": null,
              "key": null,
              "nodeType": "class",
              "props": Object {
                "id": "firm.details.name",
                "values": Object {},
              },
              "ref": null,
              "rendered": null,
              "type": [Function],
            },
            ": ",
            "test",
          ],
          "type": "li",
        },
        Object {
          "instance": null,
          "key": null,
          "nodeType": "host",
          "props": Object {
            "children": Array [
              <FormattedMessage
                id="firm.details.postal_code"
                values={Object {}}
              />,
              ": ",
              "96352",
            ],
          },
          "ref": null,
          "rendered": Array [
            Object {
              "instance": null,
              "key": null,
              "nodeType": "class",
              "props": Object {
                "id": "firm.details.postal_code",
                "values": Object {},
              },
              "ref": null,
              "rendered": null,
              "type": [Function],
            },
            ": ",
            "96352",
          ],
          "type": "li",
        },
        Object {
          "instance": null,
          "key": null,
          "nodeType": "host",
          "props": Object {
            "children": Array [
              <FormattedMessage
                id="firm.details.city"
                values={Object {}}
              />,
              ": ",
              undefined,
            ],
          },
          "ref": null,
          "rendered": Array [
            Object {
              "instance": null,
              "key": null,
              "nodeType": "class",
              "props": Object {
                "id": "firm.details.city",
                "values": Object {},
              },
              "ref": null,
              "rendered": null,
              "type": [Function],
            },
            ": ",
            undefined,
          ],
          "type": "li",
        },
        Object {
          "instance": null,
          "key": null,
          "nodeType": "host",
          "props": Object {
            "children": Array [
              <FormattedMessage
                id="firm.details.country"
                values={Object {}}
              />,
              ": ",
              undefined,
            ],
          },
          "ref": null,
          "rendered": Array [
            Object {
              "instance": null,
              "key": null,
              "nodeType": "class",
              "props": Object {
                "id": "firm.details.country",
                "values": Object {},
              },
              "ref": null,
              "rendered": null,
              "type": [Function],
            },
            ": ",
            undefined,
          ],
          "type": "li",
        },
        Object {
          "instance": null,
          "key": null,
          "nodeType": "host",
          "props": Object {
            "children": Array [
              <FormattedMessage
                id="firm.details.registration_number"
                values={Object {}}
              />,
              ": ",
              undefined,
            ],
          },
          "ref": null,
          "rendered": Array [
            Object {
              "instance": null,
              "key": null,
              "nodeType": "class",
              "props": Object {
                "id": "firm.details.registration_number",
                "values": Object {},
              },
              "ref": null,
              "rendered": null,
              "type": [Function],
            },
            ": ",
            undefined,
          ],
          "type": "li",
        },
        Object {
          "instance": null,
          "key": null,
          "nodeType": "host",
          "props": Object {
            "children": Array [
              <FormattedMessage
                id="firm.details.description"
                values={Object {}}
              />,
              ": ",
              undefined,
            ],
          },
          "ref": null,
          "rendered": Array [
            Object {
              "instance": null,
              "key": null,
              "nodeType": "class",
              "props": Object {
                "id": "firm.details.description",
                "values": Object {},
              },
              "ref": null,
              "rendered": null,
              "type": [Function],
            },
            ": ",
            undefined,
          ],
          "type": "li",
        },
        Object {
          "instance": null,
          "key": null,
          "nodeType": "host",
          "props": Object {
            "children": Array [
              <FormattedMessage
                id="firm.details.website"
                values={Object {}}
              />,
              ":",
              " ",
              <FormattedMessage
                id="firm.details.website_missing"
                values={Object {}}
              />,
            ],
          },
          "ref": null,
          "rendered": Array [
            Object {
              "instance": null,
              "key": null,
              "nodeType": "class",
              "props": Object {
                "id": "firm.details.website",
                "values": Object {},
              },
              "ref": null,
              "rendered": null,
              "type": [Function],
            },
            ":",
            " ",
            Object {
              "instance": null,
              "key": null,
              "nodeType": "class",
              "props": Object {
                "id": "firm.details.website_missing",
                "values": Object {},
              },
              "ref": null,
              "rendered": null,
              "type": [Function],
            },
          ],
          "type": "li",
        },
        Object {
          "instance": null,
          "key": null,
          "nodeType": "host",
          "props": Object {
            "children": Array [
              <FormattedMessage
                id="firm.details.employees_number"
                values={Object {}}
              />,
              ": ",
              undefined,
            ],
          },
          "ref": null,
          "rendered": Array [
            Object {
              "instance": null,
              "key": null,
              "nodeType": "class",
              "props": Object {
                "id": "firm.details.employees_number",
                "values": Object {},
              },
              "ref": null,
              "rendered": null,
              "type": [Function],
            },
            ": ",
            undefined,
          ],
          "type": "li",
        },
        Object {
          "instance": null,
          "key": null,
          "nodeType": "host",
          "props": Object {
            "children": Array [
              <FormattedMessage
                id="firm.details.client_since"
                values={Object {}}
              />,
              ": ",
              undefined,
            ],
          },
          "ref": null,
          "rendered": Array [
            Object {
              "instance": null,
              "key": null,
              "nodeType": "class",
              "props": Object {
                "id": "firm.details.client_since",
                "values": Object {},
              },
              "ref": null,
              "rendered": null,
              "type": [Function],
            },
            ": ",
            undefined,
          ],
          "type": "li",
        },
        Object {
          "instance": null,
          "key": null,
          "nodeType": "host",
          "props": Object {
            "children": Array [
              <FormattedMessage
                id="firm.details.certificate"
                values={Object {}}
              />,
              ": ",
              null,
            ],
          },
          "ref": null,
          "rendered": Array [
            Object {
              "instance": null,
              "key": null,
              "nodeType": "class",
              "props": Object {
                "id": "firm.details.certificate",
                "values": Object {},
              },
              "ref": null,
              "rendered": null,
              "type": [Function],
            },
            ": ",
            null,
          ],
          "type": "li",
        },
        Object {
          "instance": null,
          "key": null,
          "nodeType": "host",
          "props": Object {
            "children": Array [
              <FormattedMessage
                id="firm.details.budget"
                values={Object {}}
              />,
              ": ",
              undefined,
            ],
          },
          "ref": null,
          "rendered": Array [
            Object {
              "instance": null,
              "key": null,
              "nodeType": "class",
              "props": Object {
                "id": "firm.details.budget",
                "values": Object {},
              },
              "ref": null,
              "rendered": null,
              "type": [Function],
            },
            ": ",
            undefined,
          ],
          "type": "li",
        },
        Object {
          "instance": null,
          "key": null,
          "nodeType": "host",
          "props": Object {
            "children": Array [
              <FormattedMessage
                id="firm.details.delay"
                values={Object {}}
              />,
              ": ",
              undefined,
            ],
          },
          "ref": null,
          "rendered": Array [
            Object {
              "instance": null,
              "key": null,
              "nodeType": "class",
              "props": Object {
                "id": "firm.details.delay",
                "values": Object {},
              },
              "ref": null,
              "rendered": null,
              "type": [Function],
            },
            ": ",
            undefined,
          ],
          "type": "li",
        },
        Object {
          "instance": null,
          "key": null,
          "nodeType": "host",
          "props": Object {
            "children": Array [
              <FormattedMessage
                id="firm.details.conviviality"
                values={Object {}}
              />,
              ": ",
              undefined,
            ],
          },
          "ref": null,
          "rendered": Array [
            Object {
              "instance": null,
              "key": null,
              "nodeType": "class",
              "props": Object {
                "id": "firm.details.conviviality",
                "values": Object {},
              },
              "ref": null,
              "rendered": null,
              "type": [Function],
            },
            ": ",
            undefined,
          ],
          "type": "li",
        },
        Object {
          "instance": null,
          "key": null,
          "nodeType": "host",
          "props": Object {
            "children": Array [
              <FormattedMessage
                id="firm.details.notation"
                values={Object {}}
              />,
              ":",
              " ",
              0.05113636363636364,
            ],
          },
          "ref": null,
          "rendered": Array [
            Object {
              "instance": null,
              "key": null,
              "nodeType": "class",
              "props": Object {
                "id": "firm.details.notation",
                "values": Object {},
              },
              "ref": null,
              "rendered": null,
              "type": [Function],
            },
            ":",
            " ",
            0.05113636363636364,
          ],
          "type": "li",
        },
        Object {
          "instance": null,
          "key": null,
          "nodeType": "host",
          "props": Object {
            "children": Array [
              <FormattedMessage
                id="firm.details.served_area_cities"
                values={Object {}}
              />,
              ": ",
              null,
            ],
          },
          "ref": null,
          "rendered": Array [
            Object {
              "instance": null,
              "key": null,
              "nodeType": "class",
              "props": Object {
                "id": "firm.details.served_area_cities",
                "values": Object {},
              },
              "ref": null,
              "rendered": null,
              "type": [Function],
            },
            ": ",
            null,
          ],
          "type": "li",
        },
      ],
      "type": [Function],
    },
  ],
  Symbol(enzyme.__options__): Object {
    "adapter": ReactSixteenAdapter {
      "options": Object {
        "enableComponentDidUpdateOnSetState": true,
      },
    },
    "disableLifecycleMethods": true,
  },
}
`;
