// Jest Snapshot v1, https://goo.gl/fbAQLP

exports[`renders PopinMenu 1`] = `
<div>
  <Styled(Component)
    display={false}
    onClick={[Function]}
  />
  <Styled(Component)
    display={false}
  >
    <StyledList
      active={false}
    >
      <StyledItem
        key="0"
        onClick={[Function]}
      >
        hello
      </StyledItem>
    </StyledList>
  </Styled(Component)>
  <StyledButton
    onClick={[Function]}
    type="button"
  >
    Test
  </StyledButton>
</div>
`;
