exports[`test should render Header component 1`] = `
ShallowWrapper {
  "complexSelector": ComplexSelector {
    "buildPredicate": [Function],
    "childrenOfNode": [Function],
    "findWhereUnwrapped": [Function],
  },
  "length": 1,
  "node": <div
    className="kCHiNZ">
    <Styled(Mock)
        icon="quotatis"
        size={100}
        to="/" />
    <Mock
        theme={
            Object {
                "animations": Object {
                  "rotate360": "iVXCSc",
                },
                "colors": Object {
                  "alert": Array [
                    "#ffa000",
                    "#ffc107",
                    "#ffd761",
                    "#ffecb3",
                  ],
                  "danger": Array [
                    "#d32f2f",
                    "#f44336",
                    "#f8877f",
                    "#ffcdd2",
                  ],
                  "grayscale": Array [
                    "#212121",
                    "#616161",
                    "#9e9e9e",
                    "#bdbdbd",
                    "#e0e0e0",
                    "#eeeeee",
                    "#ffffff",
                  ],
                  "primary": Array [
                    "#1976d2",
                    "#2196f3",
                    "#71bcf7",
                    "#c2e2fb",
                  ],
                  "quotatis": Array [
                    "#3333fe",
                  ],
                  "secondary": Array [
                    "#c2185b",
                    "#e91e63",
                    "#f06292",
                    "#f8bbd0",
                  ],
                  "success": Array [
                    "#388e3c",
                    "#4caf50",
                    "#7cc47f",
                    "#c8e6c9",
                  ],
                },
                "fonts": Object {
                  "pre": "Consolas, Liberation Mono, Menlo, Courier, monospace",
                  "primary": "Helvetica Neue, Helvetica, Roboto, sans-serif",
                  "quote": "Georgia, serif",
                },
                "reverseColors": Object {
                  "alert": Array [
                    "#ffecb3",
                    "#ffd761",
                    "#ffc107",
                    "#ffa000",
                  ],
                  "danger": Array [
                    "#ffcdd2",
                    "#f8877f",
                    "#f44336",
                    "#d32f2f",
                  ],
                  "grayscale": Array [
                    "#ffffff",
                    "#eeeeee",
                    "#e0e0e0",
                    "#bdbdbd",
                    "#9e9e9e",
                    "#616161",
                    "#212121",
                  ],
                  "primary": Array [
                    "#c2e2fb",
                    "#71bcf7",
                    "#2196f3",
                    "#1976d2",
                  ],
                  "quotatis": Array [
                    "#3333fe",
                  ],
                  "secondary": Array [
                    "#f8bbd0",
                    "#f06292",
                    "#e91e63",
                    "#c2185b",
                  ],
                  "success": Array [
                    "#c8e6c9",
                    "#7cc47f",
                    "#4caf50",
                    "#388e3c",
                  ],
                },
              }
        } />
</div>,
  "nodes": Array [
    <div
      className="kCHiNZ">
      <Styled(Mock)
            icon="quotatis"
            size={100}
            to="/" />
      <Mock
            theme={
                  Object {
                        "animations": Object {
                          "rotate360": "iVXCSc",
                        },
                        "colors": Object {
                          "alert": Array [
                            "#ffa000",
                            "#ffc107",
                            "#ffd761",
                            "#ffecb3",
                          ],
                          "danger": Array [
                            "#d32f2f",
                            "#f44336",
                            "#f8877f",
                            "#ffcdd2",
                          ],
                          "grayscale": Array [
                            "#212121",
                            "#616161",
                            "#9e9e9e",
                            "#bdbdbd",
                            "#e0e0e0",
                            "#eeeeee",
                            "#ffffff",
                          ],
                          "primary": Array [
                            "#1976d2",
                            "#2196f3",
                            "#71bcf7",
                            "#c2e2fb",
                          ],
                          "quotatis": Array [
                            "#3333fe",
                          ],
                          "secondary": Array [
                            "#c2185b",
                            "#e91e63",
                            "#f06292",
                            "#f8bbd0",
                          ],
                          "success": Array [
                            "#388e3c",
                            "#4caf50",
                            "#7cc47f",
                            "#c8e6c9",
                          ],
                        },
                        "fonts": Object {
                          "pre": "Consolas, Liberation Mono, Menlo, Courier, monospace",
                          "primary": "Helvetica Neue, Helvetica, Roboto, sans-serif",
                          "quote": "Georgia, serif",
                        },
                        "reverseColors": Object {
                          "alert": Array [
                            "#ffecb3",
                            "#ffd761",
                            "#ffc107",
                            "#ffa000",
                          ],
                          "danger": Array [
                            "#ffcdd2",
                            "#f8877f",
                            "#f44336",
                            "#d32f2f",
                          ],
                          "grayscale": Array [
                            "#ffffff",
                            "#eeeeee",
                            "#e0e0e0",
                            "#bdbdbd",
                            "#9e9e9e",
                            "#616161",
                            "#212121",
                          ],
                          "primary": Array [
                            "#c2e2fb",
                            "#71bcf7",
                            "#2196f3",
                            "#1976d2",
                          ],
                          "quotatis": Array [
                            "#3333fe",
                          ],
                          "secondary": Array [
                            "#f8bbd0",
                            "#f06292",
                            "#e91e63",
                            "#c2185b",
                          ],
                          "success": Array [
                            "#c8e6c9",
                            "#7cc47f",
                            "#4caf50",
                            "#388e3c",
                          ],
                        },
                      }
            } />
</div>,
  ],
  "options": Object {},
  "renderer": ReactShallowRenderer {
    "_instance": ShallowComponentWrapper {
      "_calledComponentWillUnmount": false,
      "_compositeType": 0,
      "_context": Object {},
      "_currentElement": <styled.div
        theme={
                Object {
                        "animations": Object {
                          "rotate360": "iVXCSc",
                        },
                        "colors": Object {
                          "alert": Array [
                            "#ffa000",
                            "#ffc107",
                            "#ffd761",
                            "#ffecb3",
                          ],
                          "danger": Array [
                            "#d32f2f",
                            "#f44336",
                            "#f8877f",
                            "#ffcdd2",
                          ],
                          "grayscale": Array [
                            "#212121",
                            "#616161",
                            "#9e9e9e",
                            "#bdbdbd",
                            "#e0e0e0",
                            "#eeeeee",
                            "#ffffff",
                          ],
                          "primary": Array [
                            "#1976d2",
                            "#2196f3",
                            "#71bcf7",
                            "#c2e2fb",
                          ],
                          "quotatis": Array [
                            "#3333fe",
                          ],
                          "secondary": Array [
                            "#c2185b",
                            "#e91e63",
                            "#f06292",
                            "#f8bbd0",
                          ],
                          "success": Array [
                            "#388e3c",
                            "#4caf50",
                            "#7cc47f",
                            "#c8e6c9",
                          ],
                        },
                        "fonts": Object {
                          "pre": "Consolas, Liberation Mono, Menlo, Courier, monospace",
                          "primary": "Helvetica Neue, Helvetica, Roboto, sans-serif",
                          "quote": "Georgia, serif",
                        },
                        "reverseColors": Object {
                          "alert": Array [
                            "#ffecb3",
                            "#ffd761",
                            "#ffc107",
                            "#ffa000",
                          ],
                          "danger": Array [
                            "#ffcdd2",
                            "#f8877f",
                            "#f44336",
                            "#d32f2f",
                          ],
                          "grayscale": Array [
                            "#ffffff",
                            "#eeeeee",
                            "#e0e0e0",
                            "#bdbdbd",
                            "#9e9e9e",
                            "#616161",
                            "#212121",
                          ],
                          "primary": Array [
                            "#c2e2fb",
                            "#71bcf7",
                            "#2196f3",
                            "#1976d2",
                          ],
                          "quotatis": Array [
                            "#3333fe",
                          ],
                          "secondary": Array [
                            "#f8bbd0",
                            "#f06292",
                            "#e91e63",
                            "#c2185b",
                          ],
                          "success": Array [
                            "#c8e6c9",
                            "#7cc47f",
                            "#4caf50",
                            "#388e3c",
                          ],
                        },
                      }
        }>
        <Styled(Mock)
                icon="quotatis"
                size={100}
                to="/" />
        <Mock
                theme={
                        Object {
                                "animations": Object {
                                  "rotate360": "iVXCSc",
                                },
                                "colors": Object {
                                  "alert": Array [
                                    "#ffa000",
                                    "#ffc107",
                                    "#ffd761",
                                    "#ffecb3",
                                  ],
                                  "danger": Array [
                                    "#d32f2f",
                                    "#f44336",
                                    "#f8877f",
                                    "#ffcdd2",
                                  ],
                                  "grayscale": Array [
                                    "#212121",
                                    "#616161",
                                    "#9e9e9e",
                                    "#bdbdbd",
                                    "#e0e0e0",
                                    "#eeeeee",
                                    "#ffffff",
                                  ],
                                  "primary": Array [
                                    "#1976d2",
                                    "#2196f3",
                                    "#71bcf7",
                                    "#c2e2fb",
                                  ],
                                  "quotatis": Array [
                                    "#3333fe",
                                  ],
                                  "secondary": Array [
                                    "#c2185b",
                                    "#e91e63",
                                    "#f06292",
                                    "#f8bbd0",
                                  ],
                                  "success": Array [
                                    "#388e3c",
                                    "#4caf50",
                                    "#7cc47f",
                                    "#c8e6c9",
                                  ],
                                },
                                "fonts": Object {
                                  "pre": "Consolas, Liberation Mono, Menlo, Courier, monospace",
                                  "primary": "Helvetica Neue, Helvetica, Roboto, sans-serif",
                                  "quote": "Georgia, serif",
                                },
                                "reverseColors": Object {
                                  "alert": Array [
                                    "#ffecb3",
                                    "#ffd761",
                                    "#ffc107",
                                    "#ffa000",
                                  ],
                                  "danger": Array [
                                    "#ffcdd2",
                                    "#f8877f",
                                    "#f44336",
                                    "#d32f2f",
                                  ],
                                  "grayscale": Array [
                                    "#ffffff",
                                    "#eeeeee",
                                    "#e0e0e0",
                                    "#bdbdbd",
                                    "#9e9e9e",
                                    "#616161",
                                    "#212121",
                                  ],
                                  "primary": Array [
                                    "#c2e2fb",
                                    "#71bcf7",
                                    "#2196f3",
                                    "#1976d2",
                                  ],
                                  "quotatis": Array [
                                    "#3333fe",
                                  ],
                                  "secondary": Array [
                                    "#f8bbd0",
                                    "#f06292",
                                    "#e91e63",
                                    "#c2185b",
                                  ],
                                  "success": Array [
                                    "#c8e6c9",
                                    "#7cc47f",
                                    "#4caf50",
                                    "#388e3c",
                                  ],
                                },
                              }
                } />
</styled.div>,
      "_debugID": 3,
      "_hostContainerInfo": null,
      "_hostParent": null,
      "_instance": StyledComponent {
        "_reactInternalInstance": [Circular],
        "context": Object {
          "__styled-components__": undefined,
        },
        "props": Object {
          "children": Array [
            <Styled(Mock)
              icon="quotatis"
              size={100}
              to="/" />,
            <Mock
              theme={
                            Object {
                                          "animations": Object {
                                            "rotate360": "iVXCSc",
                                          },
                                          "colors": Object {
                                            "alert": Array [
                                              "#ffa000",
                                              "#ffc107",
                                              "#ffd761",
                                              "#ffecb3",
                                            ],
                                            "danger": Array [
                                              "#d32f2f",
                                              "#f44336",
                                              "#f8877f",
                                              "#ffcdd2",
                                            ],
                                            "grayscale": Array [
                                              "#212121",
                                              "#616161",
                                              "#9e9e9e",
                                              "#bdbdbd",
                                              "#e0e0e0",
                                              "#eeeeee",
                                              "#ffffff",
                                            ],
                                            "primary": Array [
                                              "#1976d2",
                                              "#2196f3",
                                              "#71bcf7",
                                              "#c2e2fb",
                                            ],
                                            "quotatis": Array [
                                              "#3333fe",
                                            ],
                                            "secondary": Array [
                                              "#c2185b",
                                              "#e91e63",
                                              "#f06292",
                                              "#f8bbd0",
                                            ],
                                            "success": Array [
                                              "#388e3c",
                                              "#4caf50",
                                              "#7cc47f",
                                              "#c8e6c9",
                                            ],
                                          },
                                          "fonts": Object {
                                            "pre": "Consolas, Liberation Mono, Menlo, Courier, monospace",
                                            "primary": "Helvetica Neue, Helvetica, Roboto, sans-serif",
                                            "quote": "Georgia, serif",
                                          },
                                          "reverseColors": Object {
                                            "alert": Array [
                                              "#ffecb3",
                                              "#ffd761",
                                              "#ffc107",
                                              "#ffa000",
                                            ],
                                            "danger": Array [
                                              "#ffcdd2",
                                              "#f8877f",
                                              "#f44336",
                                              "#d32f2f",
                                            ],
                                            "grayscale": Array [
                                              "#ffffff",
                                              "#eeeeee",
                                              "#e0e0e0",
                                              "#bdbdbd",
                                              "#9e9e9e",
                                              "#616161",
                                              "#212121",
                                            ],
                                            "primary": Array [
                                              "#c2e2fb",
                                              "#71bcf7",
                                              "#2196f3",
                                              "#1976d2",
                                            ],
                                            "quotatis": Array [
                                              "#3333fe",
                                            ],
                                            "secondary": Array [
                                              "#f8bbd0",
                                              "#f06292",
                                              "#e91e63",
                                              "#c2185b",
                                            ],
                                            "success": Array [
                                              "#c8e6c9",
                                              "#7cc47f",
                                              "#4caf50",
                                              "#388e3c",
                                            ],
                                          },
                                        }
              } />,
          ],
          "theme": Object {
            "animations": Object {
              "rotate360": "iVXCSc",
            },
            "colors": Object {
              "alert": Array [
                "#ffa000",
                "#ffc107",
                "#ffd761",
                "#ffecb3",
              ],
              "danger": Array [
                "#d32f2f",
                "#f44336",
                "#f8877f",
                "#ffcdd2",
              ],
              "grayscale": Array [
                "#212121",
                "#616161",
                "#9e9e9e",
                "#bdbdbd",
                "#e0e0e0",
                "#eeeeee",
                "#ffffff",
              ],
              "primary": Array [
                "#1976d2",
                "#2196f3",
                "#71bcf7",
                "#c2e2fb",
              ],
              "quotatis": Array [
                "#3333fe",
              ],
              "secondary": Array [
                "#c2185b",
                "#e91e63",
                "#f06292",
                "#f8bbd0",
              ],
              "success": Array [
                "#388e3c",
                "#4caf50",
                "#7cc47f",
                "#c8e6c9",
              ],
            },
            "fonts": Object {
              "pre": "Consolas, Liberation Mono, Menlo, Courier, monospace",
              "primary": "Helvetica Neue, Helvetica, Roboto, sans-serif",
              "quote": "Georgia, serif",
            },
            "reverseColors": Object {
              "alert": Array [
                "#ffecb3",
                "#ffd761",
                "#ffc107",
                "#ffa000",
              ],
              "danger": Array [
                "#ffcdd2",
                "#f8877f",
                "#f44336",
                "#d32f2f",
              ],
              "grayscale": Array [
                "#ffffff",
                "#eeeeee",
                "#e0e0e0",
                "#bdbdbd",
                "#9e9e9e",
                "#616161",
                "#212121",
              ],
              "primary": Array [
                "#c2e2fb",
                "#71bcf7",
                "#2196f3",
                "#1976d2",
              ],
              "quotatis": Array [
                "#3333fe",
              ],
              "secondary": Array [
                "#f8bbd0",
                "#f06292",
                "#e91e63",
                "#c2185b",
              ],
              "success": Array [
                "#c8e6c9",
                "#7cc47f",
                "#4caf50",
                "#388e3c",
              ],
            },
          },
        },
        "refs": Object {},
        "state": Object {
          "generatedClassName": "kCHiNZ",
          "theme": Object {
            "animations": Object {
              "rotate360": "iVXCSc",
            },
            "colors": Object {
              "alert": Array [
                "#ffa000",
                "#ffc107",
                "#ffd761",
                "#ffecb3",
              ],
              "danger": Array [
                "#d32f2f",
                "#f44336",
                "#f8877f",
                "#ffcdd2",
              ],
              "grayscale": Array [
                "#212121",
                "#616161",
                "#9e9e9e",
                "#bdbdbd",
                "#e0e0e0",
                "#eeeeee",
                "#ffffff",
              ],
              "primary": Array [
                "#1976d2",
                "#2196f3",
                "#71bcf7",
                "#c2e2fb",
              ],
              "quotatis": Array [
                "#3333fe",
              ],
              "secondary": Array [
                "#c2185b",
                "#e91e63",
                "#f06292",
                "#f8bbd0",
              ],
              "success": Array [
                "#388e3c",
                "#4caf50",
                "#7cc47f",
                "#c8e6c9",
              ],
            },
            "fonts": Object {
              "pre": "Consolas, Liberation Mono, Menlo, Courier, monospace",
              "primary": "Helvetica Neue, Helvetica, Roboto, sans-serif",
              "quote": "Georgia, serif",
            },
            "reverseColors": Object {
              "alert": Array [
                "#ffecb3",
                "#ffd761",
                "#ffc107",
                "#ffa000",
              ],
              "danger": Array [
                "#ffcdd2",
                "#f8877f",
                "#f44336",
                "#d32f2f",
              ],
              "grayscale": Array [
                "#ffffff",
                "#eeeeee",
                "#e0e0e0",
                "#bdbdbd",
                "#9e9e9e",
                "#616161",
                "#212121",
              ],
              "primary": Array [
                "#c2e2fb",
                "#71bcf7",
                "#2196f3",
                "#1976d2",
              ],
              "quotatis": Array [
                "#3333fe",
              ],
              "secondary": Array [
                "#f8bbd0",
                "#f06292",
                "#e91e63",
                "#c2185b",
              ],
              "success": Array [
                "#c8e6c9",
                "#7cc47f",
                "#4caf50",
                "#388e3c",
              ],
            },
          },
        },
        "updater": Object {
          "enqueueCallback": [Function],
          "enqueueCallbackInternal": [Function],
          "enqueueElementInternal": [Function],
          "enqueueForceUpdate": [Function],
          "enqueueReplaceState": [Function],
          "enqueueSetState": [Function],
          "isMounted": [Function],
          "validateCallback": [Function],
        },
      },
      "_mountOrder": 2,
      "_pendingCallbacks": null,
      "_pendingElement": null,
      "_pendingForceUpdate": false,
      "_pendingReplaceState": false,
      "_pendingStateQueue": null,
      "_renderedComponent": NoopInternalComponent {
        "_currentElement": <div
          className="kCHiNZ">
          <Styled(Mock)
                    icon="quotatis"
                    size={100}
                    to="/" />
          <Mock
                    theme={
                              Object {
                                        "animations": Object {
                                          "rotate360": "iVXCSc",
                                        },
                                        "colors": Object {
                                          "alert": Array [
                                            "#ffa000",
                                            "#ffc107",
                                            "#ffd761",
                                            "#ffecb3",
                                          ],
                                          "danger": Array [
                                            "#d32f2f",
                                            "#f44336",
                                            "#f8877f",
                                            "#ffcdd2",
                                          ],
                                          "grayscale": Array [
                                            "#212121",
                                            "#616161",
                                            "#9e9e9e",
                                            "#bdbdbd",
                                            "#e0e0e0",
                                            "#eeeeee",
                                            "#ffffff",
                                          ],
                                          "primary": Array [
                                            "#1976d2",
                                            "#2196f3",
                                            "#71bcf7",
                                            "#c2e2fb",
                                          ],
                                          "quotatis": Array [
                                            "#3333fe",
                                          ],
                                          "secondary": Array [
                                            "#c2185b",
                                            "#e91e63",
                                            "#f06292",
                                            "#f8bbd0",
                                          ],
                                          "success": Array [
                                            "#388e3c",
                                            "#4caf50",
                                            "#7cc47f",
                                            "#c8e6c9",
                                          ],
                                        },
                                        "fonts": Object {
                                          "pre": "Consolas, Liberation Mono, Menlo, Courier, monospace",
                                          "primary": "Helvetica Neue, Helvetica, Roboto, sans-serif",
                                          "quote": "Georgia, serif",
                                        },
                                        "reverseColors": Object {
                                          "alert": Array [
                                            "#ffecb3",
                                            "#ffd761",
                                            "#ffc107",
                                            "#ffa000",
                                          ],
                                          "danger": Array [
                                            "#ffcdd2",
                                            "#f8877f",
                                            "#f44336",
                                            "#d32f2f",
                                          ],
                                          "grayscale": Array [
                                            "#ffffff",
                                            "#eeeeee",
                                            "#e0e0e0",
                                            "#bdbdbd",
                                            "#9e9e9e",
                                            "#616161",
                                            "#212121",
                                          ],
                                          "primary": Array [
                                            "#c2e2fb",
                                            "#71bcf7",
                                            "#2196f3",
                                            "#1976d2",
                                          ],
                                          "quotatis": Array [
                                            "#3333fe",
                                          ],
                                          "secondary": Array [
                                            "#f8bbd0",
                                            "#f06292",
                                            "#e91e63",
                                            "#c2185b",
                                          ],
                                          "success": Array [
                                            "#c8e6c9",
                                            "#7cc47f",
                                            "#4caf50",
                                            "#388e3c",
                                          ],
                                        },
                                      }
                    } />
</div>,
        "_debugID": 4,
        "_renderedOutput": <div
          className="kCHiNZ">
          <Styled(Mock)
                    icon="quotatis"
                    size={100}
                    to="/" />
          <Mock
                    theme={
                              Object {
                                        "animations": Object {
                                          "rotate360": "iVXCSc",
                                        },
                                        "colors": Object {
                                          "alert": Array [
                                            "#ffa000",
                                            "#ffc107",
                                            "#ffd761",
                                            "#ffecb3",
                                          ],
                                          "danger": Array [
                                            "#d32f2f",
                                            "#f44336",
                                            "#f8877f",
                                            "#ffcdd2",
                                          ],
                                          "grayscale": Array [
                                            "#212121",
                                            "#616161",
                                            "#9e9e9e",
                                            "#bdbdbd",
                                            "#e0e0e0",
                                            "#eeeeee",
                                            "#ffffff",
                                          ],
                                          "primary": Array [
                                            "#1976d2",
                                            "#2196f3",
                                            "#71bcf7",
                                            "#c2e2fb",
                                          ],
                                          "quotatis": Array [
                                            "#3333fe",
                                          ],
                                          "secondary": Array [
                                            "#c2185b",
                                            "#e91e63",
                                            "#f06292",
                                            "#f8bbd0",
                                          ],
                                          "success": Array [
                                            "#388e3c",
                                            "#4caf50",
                                            "#7cc47f",
                                            "#c8e6c9",
                                          ],
                                        },
                                        "fonts": Object {
                                          "pre": "Consolas, Liberation Mono, Menlo, Courier, monospace",
                                          "primary": "Helvetica Neue, Helvetica, Roboto, sans-serif",
                                          "quote": "Georgia, serif",
                                        },
                                        "reverseColors": Object {
                                          "alert": Array [
                                            "#ffecb3",
                                            "#ffd761",
                                            "#ffc107",
                                            "#ffa000",
                                          ],
                                          "danger": Array [
                                            "#ffcdd2",
                                            "#f8877f",
                                            "#f44336",
                                            "#d32f2f",
                                          ],
                                          "grayscale": Array [
                                            "#ffffff",
                                            "#eeeeee",
                                            "#e0e0e0",
                                            "#bdbdbd",
                                            "#9e9e9e",
                                            "#616161",
                                            "#212121",
                                          ],
                                          "primary": Array [
                                            "#c2e2fb",
                                            "#71bcf7",
                                            "#2196f3",
                                            "#1976d2",
                                          ],
                                          "quotatis": Array [
                                            "#3333fe",
                                          ],
                                          "secondary": Array [
                                            "#f8bbd0",
                                            "#f06292",
                                            "#e91e63",
                                            "#c2185b",
                                          ],
                                          "success": Array [
                                            "#c8e6c9",
                                            "#7cc47f",
                                            "#4caf50",
                                            "#388e3c",
                                          ],
                                        },
                                      }
                    } />
</div>,
      },
      "_renderedNodeType": 0,
      "_rootNodeID": 0,
      "_topLevelWrapper": null,
      "_updateBatchNumber": null,
      "_warnedAboutRefsInRender": false,
    },
    "getRenderOutput": [Function],
    "render": [Function],
  },
  "root": [Circular],
  "unrendered": <styled.div
    theme={
        Object {
            "animations": Object {
              "rotate360": "iVXCSc",
            },
            "colors": Object {
              "alert": Array [
                "#ffa000",
                "#ffc107",
                "#ffd761",
                "#ffecb3",
              ],
              "danger": Array [
                "#d32f2f",
                "#f44336",
                "#f8877f",
                "#ffcdd2",
              ],
              "grayscale": Array [
                "#212121",
                "#616161",
                "#9e9e9e",
                "#bdbdbd",
                "#e0e0e0",
                "#eeeeee",
                "#ffffff",
              ],
              "primary": Array [
                "#1976d2",
                "#2196f3",
                "#71bcf7",
                "#c2e2fb",
              ],
              "quotatis": Array [
                "#3333fe",
              ],
              "secondary": Array [
                "#c2185b",
                "#e91e63",
                "#f06292",
                "#f8bbd0",
              ],
              "success": Array [
                "#388e3c",
                "#4caf50",
                "#7cc47f",
                "#c8e6c9",
              ],
            },
            "fonts": Object {
              "pre": "Consolas, Liberation Mono, Menlo, Courier, monospace",
              "primary": "Helvetica Neue, Helvetica, Roboto, sans-serif",
              "quote": "Georgia, serif",
            },
            "reverseColors": Object {
              "alert": Array [
                "#ffecb3",
                "#ffd761",
                "#ffc107",
                "#ffa000",
              ],
              "danger": Array [
                "#ffcdd2",
                "#f8877f",
                "#f44336",
                "#d32f2f",
              ],
              "grayscale": Array [
                "#ffffff",
                "#eeeeee",
                "#e0e0e0",
                "#bdbdbd",
                "#9e9e9e",
                "#616161",
                "#212121",
              ],
              "primary": Array [
                "#c2e2fb",
                "#71bcf7",
                "#2196f3",
                "#1976d2",
              ],
              "quotatis": Array [
                "#3333fe",
              ],
              "secondary": Array [
                "#f8bbd0",
                "#f06292",
                "#e91e63",
                "#c2185b",
              ],
              "success": Array [
                "#c8e6c9",
                "#7cc47f",
                "#4caf50",
                "#388e3c",
              ],
            },
          }
    }>
    <Styled(Mock)
        icon="quotatis"
        size={100}
        to="/" />
    <Mock
        theme={
            Object {
                "animations": Object {
                  "rotate360": "iVXCSc",
                },
                "colors": Object {
                  "alert": Array [
                    "#ffa000",
                    "#ffc107",
                    "#ffd761",
                    "#ffecb3",
                  ],
                  "danger": Array [
                    "#d32f2f",
                    "#f44336",
                    "#f8877f",
                    "#ffcdd2",
                  ],
                  "grayscale": Array [
                    "#212121",
                    "#616161",
                    "#9e9e9e",
                    "#bdbdbd",
                    "#e0e0e0",
                    "#eeeeee",
                    "#ffffff",
                  ],
                  "primary": Array [
                    "#1976d2",
                    "#2196f3",
                    "#71bcf7",
                    "#c2e2fb",
                  ],
                  "quotatis": Array [
                    "#3333fe",
                  ],
                  "secondary": Array [
                    "#c2185b",
                    "#e91e63",
                    "#f06292",
                    "#f8bbd0",
                  ],
                  "success": Array [
                    "#388e3c",
                    "#4caf50",
                    "#7cc47f",
                    "#c8e6c9",
                  ],
                },
                "fonts": Object {
                  "pre": "Consolas, Liberation Mono, Menlo, Courier, monospace",
                  "primary": "Helvetica Neue, Helvetica, Roboto, sans-serif",
                  "quote": "Georgia, serif",
                },
                "reverseColors": Object {
                  "alert": Array [
                    "#ffecb3",
                    "#ffd761",
                    "#ffc107",
                    "#ffa000",
                  ],
                  "danger": Array [
                    "#ffcdd2",
                    "#f8877f",
                    "#f44336",
                    "#d32f2f",
                  ],
                  "grayscale": Array [
                    "#ffffff",
                    "#eeeeee",
                    "#e0e0e0",
                    "#bdbdbd",
                    "#9e9e9e",
                    "#616161",
                    "#212121",
                  ],
                  "primary": Array [
                    "#c2e2fb",
                    "#71bcf7",
                    "#2196f3",
                    "#1976d2",
                  ],
                  "quotatis": Array [
                    "#3333fe",
                  ],
                  "secondary": Array [
                    "#f8bbd0",
                    "#f06292",
                    "#e91e63",
                    "#c2185b",
                  ],
                  "success": Array [
                    "#c8e6c9",
                    "#7cc47f",
                    "#4caf50",
                    "#388e3c",
                  ],
                },
              }
        } />
</styled.div>,
}
`;
