exports[`test renders HomePage 1`] = `
ShallowWrapper {
  "complexSelector": ComplexSelector {
    "buildPredicate": [Function],
    "childrenOfNode": [Function],
    "findWhereUnwrapped": [Function],
  },
  "length": 1,
  "node": <Mock>
    <HelmetWrapper
        encodeSpecialCharacters={true}>
        <script
            type="application/ld+json">
            
                    { \"@context\": \"http://schema.org\", \"@type\": \"Organization\", \"url\": \"https://www.quotatis.fr\", \"name\": \"Quotatis\", \"logo\": \"https://res.cloudinary.com/quotatis/image/upload/v1496149619/FrontApp/icons/quotatis-firm.svg\", \"sameAs\": [ \"https://www.facebook.com/Quotatis.FR\", \"https://twitter.com/QuotatisFr\", \"https://www.youtube.com/user/quotatis\", \"http://fr.viadeo.com/fr/company/quotatis\", \"https://www.linkedin.com/company/quotatis\", \"https://www.instagram.com/quotatis/\" ] }
                  
        </script>
    </HelmetWrapper>
    <Mock />
    <Mock>
        <Mock />
        <Mock />
        <Mock />
        <Mock />
        <Mock />
    </Mock>
    <Mock />
</Mock>,
  "nodes": Array [
    <Mock>
      <HelmetWrapper
            encodeSpecialCharacters={true}>
            <script
                  type="application/ld+json">
                  
                          { \"@context\": \"http://schema.org\", \"@type\": \"Organization\", \"url\": \"https://www.quotatis.fr\", \"name\": \"Quotatis\", \"logo\": \"https://res.cloudinary.com/quotatis/image/upload/v1496149619/FrontApp/icons/quotatis-firm.svg\", \"sameAs\": [ \"https://www.facebook.com/Quotatis.FR\", \"https://twitter.com/QuotatisFr\", \"https://www.youtube.com/user/quotatis\", \"http://fr.viadeo.com/fr/company/quotatis\", \"https://www.linkedin.com/company/quotatis\", \"https://www.instagram.com/quotatis/\" ] }
                        
            </script>
      </HelmetWrapper>
      <Mock />
      <Mock>
            <Mock />
            <Mock />
            <Mock />
            <Mock />
            <Mock />
      </Mock>
      <Mock />
</Mock>,
  ],
  "options": Object {},
  "renderer": ReactShallowRenderer {
    "_instance": ShallowComponentWrapper {
      "_calledComponentWillUnmount": false,
      "_compositeType": 2,
      "_context": Object {},
      "_currentElement": <HomePage />,
      "_debugID": 1,
      "_hostContainerInfo": null,
      "_hostParent": null,
      "_instance": StatelessComponent {
        "_reactInternalInstance": [Circular],
        "context": Object {},
        "props": Object {},
        "refs": Object {},
        "state": null,
        "updater": Object {
          "enqueueCallback": [Function],
          "enqueueCallbackInternal": [Function],
          "enqueueElementInternal": [Function],
          "enqueueForceUpdate": [Function],
          "enqueueReplaceState": [Function],
          "enqueueSetState": [Function],
          "isMounted": [Function],
          "validateCallback": [Function],
        },
      },
      "_mountOrder": 1,
      "_pendingCallbacks": null,
      "_pendingElement": null,
      "_pendingForceUpdate": false,
      "_pendingReplaceState": false,
      "_pendingStateQueue": null,
      "_renderedComponent": NoopInternalComponent {
        "_currentElement": <Mock>
          <HelmetWrapper
                    encodeSpecialCharacters={true}>
                    <script
                              type="application/ld+json">
                              
                                      { \"@context\": \"http://schema.org\", \"@type\": \"Organization\", \"url\": \"https://www.quotatis.fr\", \"name\": \"Quotatis\", \"logo\": \"https://res.cloudinary.com/quotatis/image/upload/v1496149619/FrontApp/icons/quotatis-firm.svg\", \"sameAs\": [ \"https://www.facebook.com/Quotatis.FR\", \"https://twitter.com/QuotatisFr\", \"https://www.youtube.com/user/quotatis\", \"http://fr.viadeo.com/fr/company/quotatis\", \"https://www.linkedin.com/company/quotatis\", \"https://www.instagram.com/quotatis/\" ] }
                                    
                    </script>
          </HelmetWrapper>
          <Mock />
          <Mock>
                    <Mock />
                    <Mock />
                    <Mock />
                    <Mock />
                    <Mock />
          </Mock>
          <Mock />
</Mock>,
        "_debugID": 2,
        "_renderedOutput": <Mock>
          <HelmetWrapper
                    encodeSpecialCharacters={true}>
                    <script
                              type="application/ld+json">
                              
                                      { \"@context\": \"http://schema.org\", \"@type\": \"Organization\", \"url\": \"https://www.quotatis.fr\", \"name\": \"Quotatis\", \"logo\": \"https://res.cloudinary.com/quotatis/image/upload/v1496149619/FrontApp/icons/quotatis-firm.svg\", \"sameAs\": [ \"https://www.facebook.com/Quotatis.FR\", \"https://twitter.com/QuotatisFr\", \"https://www.youtube.com/user/quotatis\", \"http://fr.viadeo.com/fr/company/quotatis\", \"https://www.linkedin.com/company/quotatis\", \"https://www.instagram.com/quotatis/\" ] }
                                    
                    </script>
          </HelmetWrapper>
          <Mock />
          <Mock>
                    <Mock />
                    <Mock />
                    <Mock />
                    <Mock />
                    <Mock />
          </Mock>
          <Mock />
</Mock>,
      },
      "_renderedNodeType": 1,
      "_rootNodeID": 0,
      "_topLevelWrapper": null,
      "_updateBatchNumber": null,
      "_warnedAboutRefsInRender": false,
    },
    "getRenderOutput": [Function],
    "render": [Function],
  },
  "root": [Circular],
  "unrendered": <HomePage />,
}
`;
