// Jest Snapshot v1, https://goo.gl/fbAQLP

exports[`renders the ProjectList component 1`] = `
<Projects
  list={
    Array [
      Object {
        "id": 1,
        "name": "project 1",
      },
      Object {
        "id": 2,
        "name": "project 2",
      },
      Object {
        "id": 3,
        "name": "project 3",
      },
    ]
  }
/>
`;
