// Jest Snapshot v1, https://goo.gl/fbAQLP

exports[`renders Reinsurance 1`] = `
<StyledSection
  light={true}
>
  <Mock
    carousel={
      Object {
        "afterChange": [Function],
        "autoplay": true,
        "dots": false,
        "infinite": true,
        "pauseOnHover": true,
        "responsive": Array [
          Object {
            "breakpoint": 1200,
          },
          Object {
            "breakpoint": 10000,
            "settings": Object {
              "arrows": true,
            },
          },
        ],
        "slidesToScroll": 1,
        "slidesToShow": 1,
      }
    }
    generateBackground={[Function]}
    generateChild={[Function]}
    limit={3}
    scope="reinsuranceArticles"
    tags={
      Array [
        "api-quotatis-reinsurance",
      ]
    }
  />
</StyledSection>
`;
